Archive member included to satisfy reference by file (symbol)

C:/Users/ssacha/.pico-sdk/toolchain/13_2_Rel1/bin/../lib/gcc/arm-none-eabi/13.2.1/thumb/v6-m/nofp\libgcc.a(_dvmd_tls.o)
                              CMakeFiles/picoboard_button.dir/C_/Users/ssacha/.pico-sdk/sdk/1.5.1/src/rp2_common/pico_divider/divider.S.obj (__aeabi_idiv0)
C:/Users/ssacha/.pico-sdk/toolchain/13_2_Rel1/bin/../lib/gcc/arm-none-eabi/13.2.1/thumb/v6-m/nofp\libg.a(libc_a-calloc.o)
                              CMakeFiles/picoboard_button.dir/C_/Users/ssacha/.pico-sdk/sdk/1.5.1/src/rp2_common/pico_malloc/pico_malloc.c.obj (calloc)
C:/Users/ssacha/.pico-sdk/toolchain/13_2_Rel1/bin/../lib/gcc/arm-none-eabi/13.2.1/thumb/v6-m/nofp\libg.a(libc_a-callocr.o)
                              C:/Users/ssacha/.pico-sdk/toolchain/13_2_Rel1/bin/../lib/gcc/arm-none-eabi/13.2.1/thumb/v6-m/nofp\libg.a(libc_a-calloc.o) (_calloc_r)
C:/Users/ssacha/.pico-sdk/toolchain/13_2_Rel1/bin/../lib/gcc/arm-none-eabi/13.2.1/thumb/v6-m/nofp\libg.a(libc_a-malloc.o)
                              CMakeFiles/picoboard_button.dir/C_/Users/ssacha/.pico-sdk/sdk/1.5.1/src/rp2_common/pico_malloc/pico_malloc.c.obj (malloc)
C:/Users/ssacha/.pico-sdk/toolchain/13_2_Rel1/bin/../lib/gcc/arm-none-eabi/13.2.1/thumb/v6-m/nofp\libg.a(libc_a-mallocr.o)
                              C:/Users/ssacha/.pico-sdk/toolchain/13_2_Rel1/bin/../lib/gcc/arm-none-eabi/13.2.1/thumb/v6-m/nofp\libg.a(libc_a-callocr.o) (_malloc_r)
C:/Users/ssacha/.pico-sdk/toolchain/13_2_Rel1/bin/../lib/gcc/arm-none-eabi/13.2.1/thumb/v6-m/nofp\libg.a(libc_a-mlock.o)
                              C:/Users/ssacha/.pico-sdk/toolchain/13_2_Rel1/bin/../lib/gcc/arm-none-eabi/13.2.1/thumb/v6-m/nofp\libg.a(libc_a-mallocr.o) (__malloc_lock)
C:/Users/ssacha/.pico-sdk/toolchain/13_2_Rel1/bin/../lib/gcc/arm-none-eabi/13.2.1/thumb/v6-m/nofp\libg.a(libc_a-realloc.o)
                              CMakeFiles/picoboard_button.dir/C_/Users/ssacha/.pico-sdk/sdk/1.5.1/src/rp2_common/pico_malloc/pico_malloc.c.obj (realloc)
C:/Users/ssacha/.pico-sdk/toolchain/13_2_Rel1/bin/../lib/gcc/arm-none-eabi/13.2.1/thumb/v6-m/nofp\libg.a(libc_a-reallocr.o)
                              C:/Users/ssacha/.pico-sdk/toolchain/13_2_Rel1/bin/../lib/gcc/arm-none-eabi/13.2.1/thumb/v6-m/nofp\libg.a(libc_a-realloc.o) (_realloc_r)
C:/Users/ssacha/.pico-sdk/toolchain/13_2_Rel1/bin/../lib/gcc/arm-none-eabi/13.2.1/thumb/v6-m/nofp\libg.a(libc_a-memmove.o)
                              C:/Users/ssacha/.pico-sdk/toolchain/13_2_Rel1/bin/../lib/gcc/arm-none-eabi/13.2.1/thumb/v6-m/nofp\libg.a(libc_a-reallocr.o) (memmove)
C:/Users/ssacha/.pico-sdk/toolchain/13_2_Rel1/bin/../lib/gcc/arm-none-eabi/13.2.1/thumb/v6-m/nofp\libg.a(libc_a-impure.o)
                              C:/Users/ssacha/.pico-sdk/toolchain/13_2_Rel1/bin/../lib/gcc/arm-none-eabi/13.2.1/thumb/v6-m/nofp\libg.a(libc_a-calloc.o) (_impure_ptr)
C:/Users/ssacha/.pico-sdk/toolchain/13_2_Rel1/bin/../lib/gcc/arm-none-eabi/13.2.1/thumb/v6-m/nofp\libg.a(libc_a-sbrkr.o)
                              C:/Users/ssacha/.pico-sdk/toolchain/13_2_Rel1/bin/../lib/gcc/arm-none-eabi/13.2.1/thumb/v6-m/nofp\libg.a(libc_a-mallocr.o) (_sbrk_r)
C:/Users/ssacha/.pico-sdk/toolchain/13_2_Rel1/bin/../lib/gcc/arm-none-eabi/13.2.1/thumb/v6-m/nofp\libg.a(libc_a-errno.o)
                              C:/Users/ssacha/.pico-sdk/toolchain/13_2_Rel1/bin/../lib/gcc/arm-none-eabi/13.2.1/thumb/v6-m/nofp\libg.a(libc_a-callocr.o) (__errno)
C:/Users/ssacha/.pico-sdk/toolchain/13_2_Rel1/bin/../lib/gcc/arm-none-eabi/13.2.1/thumb/v6-m/nofp\libg.a(libc_a-init.o)
                              C:/Users/ssacha/.pico-sdk/toolchain/13_2_Rel1/bin/../lib/gcc/arm-none-eabi/13.2.1/thumb/v6-m/nofp/crt0.o (__libc_init_array)
C:/Users/ssacha/.pico-sdk/toolchain/13_2_Rel1/bin/../lib/gcc/arm-none-eabi/13.2.1/thumb/v6-m/nofp\libg.a(libc_a-lock.o)
                              C:/Users/ssacha/.pico-sdk/toolchain/13_2_Rel1/bin/../lib/gcc/arm-none-eabi/13.2.1/thumb/v6-m/nofp\libg.a(libc_a-mlock.o) (__retarget_lock_acquire_recursive)
C:/Users/ssacha/.pico-sdk/toolchain/13_2_Rel1/bin/../lib/gcc/arm-none-eabi/13.2.1/thumb/v6-m/nofp\libg.a(libc_a-sysconf.o)
                              C:/Users/ssacha/.pico-sdk/toolchain/13_2_Rel1/bin/../lib/gcc/arm-none-eabi/13.2.1/thumb/v6-m/nofp\libg.a(libc_a-mallocr.o) (sysconf)
C:/Users/ssacha/.pico-sdk/toolchain/13_2_Rel1/bin/../lib/gcc/arm-none-eabi/13.2.1/thumb/v6-m/nofp\libg.a(libc_a-strlen-stub.o)
                              CMakeFiles/picoboard_button.dir/C_/Users/ssacha/.pico-sdk/sdk/1.5.1/src/rp2_common/pico_stdio/stdio.c.obj (strlen)
C:/Users/ssacha/.pico-sdk/toolchain/13_2_Rel1/bin/../lib/gcc/arm-none-eabi/13.2.1/thumb/v6-m/nofp\libg.a(libc_a-freer.o)
                              C:/Users/ssacha/.pico-sdk/toolchain/13_2_Rel1/bin/../lib/gcc/arm-none-eabi/13.2.1/thumb/v6-m/nofp\libg.a(libc_a-malloc.o) (_free_r)
[...]
Memory Configuration

Name             Origin             Length             Attributes
FLASH            0x10000000         0x00200000         xr
RAM              0x20000000         0x00040000         xrw
SCRATCH_X        0x20040000         0x00001000         xrw
SCRATCH_Y        0x20041000         0x00001000         xrw
*default*        0x00000000         0xffffffff

Linker script and memory map

LOAD C:/Users/ssacha/.pico-sdk/toolchain/13_2_Rel1/bin/../lib/gcc/arm-none-eabi/13.2.1/thumb/v6-m/nofp/crti.o
LOAD C:/Users/ssacha/.pico-sdk/toolchain/13_2_Rel1/bin/../lib/gcc/arm-none-eabi/13.2.1/thumb/v6-m/nofp/crtbegin.o
LOAD C:/Users/ssacha/.pico-sdk/toolchain/13_2_Rel1/bin/../lib/gcc/arm-none-eabi/13.2.1/thumb/v6-m/nofp/crt0.o

.flash_begin    0x10000000        0x0
                0x10000000                        __flash_binary_start = .

.boot2          0x10000000      0x100
                0x10000000                        __boot2_start__ = .
 *(.boot2)
 .boot2         0x10000000      0x100 C:\Users\ssacha\AppData\Local\Temp\ccKQSL88.o
                0x10000100                        __boot2_end__ = .
                0x00000001                        ASSERT (((__boot2_end__ - __boot2_start__) == 0x100), ERROR: Pico second stage bootloader must be 256 bytes in size)

.text           0x10000100     0x45b0
                0x10000100                        __logical_binary_start = .
 *(.vectors)
 .vectors       0x10000100       0xd4 CMakeFiles/picoboard_button.dir/C_/Users/ssacha/.pico-sdk/sdk/1.5.1/src/rp2_common/pico_standard_link/crt0.S.obj
                0x10000100                __VECTOR_TABLE
                0x10000100                __vectors
                0x100001c0                isr_invalid
                0x100001c0                __default_isrs_start
                0x100001c2                isr_nmi
                0x100001c4                isr_hardfault
                0x100001c6                isr_svcall
                0x100001c8                isr_pendsv
                0x100001ca                isr_systick
                0x100001cc                isr_irq23
                0x100001cc                isr_irq18
                0x100001cc                isr_irq11
                0x100001cc                isr_irq28
                0x100001cc                isr_irq19
                0x100001cc                isr_irq0
                0x100001cc                isr_irq6
                0x100001cc                isr_irq5
                0x100001cc                isr_irq12
                0x100001cc                isr_irq22
                0x100001cc                isr_irq31
                0x100001cc                isr_irq17
                0x100001cc                isr_irq27
                0x100001cc                isr_irq30
                0x100001cc                isr_irq2
                0x100001cc                isr_irq10
                0x100001cc                isr_irq8
                0x100001cc                isr_irq24
                0x100001cc                isr_irq1
                0x100001cc                isr_irq7
                0x100001cc                isr_irq21
                0x100001cc                isr_irq20
                0x100001cc                isr_irq15
                0x100001cc                isr_irq25
                0x100001cc                isr_irq13
                0x100001cc                __unhandled_user_irq
                0x100001cc                isr_irq4
                0x100001cc                isr_irq16
                0x100001cc                isr_irq29
                0x100001cc                isr_irq26
                0x100001cc                __default_isrs_end
                0x100001cc                isr_irq3
                0x100001cc                isr_irq14
                0x100001cc                isr_irq9
                0x100001d2                unhandled_user_irq_num_in_r0
 *(.binary_info_header)
 .binary_info_header
                0x100001d4       0x14 CMakeFiles/picoboard_button.dir/C_/Users/ssacha/.pico-sdk/sdk/1.5.1/src/rp2_common/pico_standard_link/crt0.S.obj
                0x100001e8                        __binary_info_header_end = .
 *(.reset)
 .reset         0x100001e8       0xa0 CMakeFiles/picoboard_button.dir/C_/Users/ssacha/.pico-sdk/sdk/1.5.1/src/rp2_common/pico_standard_link/crt0.S.obj
                0x100001e8                _entry_point
 .reset         0x10000288       0x30 CMakeFiles/picoboard_button.dir/C_/Users/ssacha/.pico-sdk/sdk/1.5.1/src/rp2_common/pico_standard_link/binary_info.c.obj
 *(.init)
 .init          0x100002b8        0x4 C:/Users/ssacha/.pico-sdk/toolchain/13_2_Rel1/bin/../lib/gcc/arm-none-eabi/13.2.1/thumb/v6-m/nofp/crti.o
                0x100002b8                _init
 *(EXCLUDE_FILE(*libm.a: *libc.a:*lib_a-mem*.o *libgcc.a:) .text*)
 .text.register_tm_clones
                0x100002bc       0x28 C:/Users/ssacha/.pico-sdk/toolchain/13_2_Rel1/bin/../lib/gcc/arm-none-eabi/13.2.1/thumb/v6-m/nofp/crtbegin.o
 .text.frame_dummy
                0x100002e4       0x24 C:/Users/ssacha/.pico-sdk/toolchain/13_2_Rel1/bin/../lib/gcc/arm-none-eabi/13.2.1/thumb/v6-m/nofp/crtbegin.o
 .text.uart_putc
                0x10000308       0x60 CMakeFiles/picoboard_button.dir/button.c.obj
 .text.uart_init_custom
                0x10000368       0x48 CMakeFiles/picoboard_button.dir/button.c.obj
                0x10000368                uart_init_custom
 .text.keypad_init
                0x100003b0       0x48 CMakeFiles/picoboard_button.dir/button.c.obj
                0x100003b0                keypad_init
 .text.keypad_scan
                0x100003f8       0x6c CMakeFiles/picoboard_button.dir/button.c.obj
                0x100003f8                keypad_scan
 .text.main     0x10000464       0x30 CMakeFiles/picoboard_button.dir/button.c.obj
                0x10000464                main
 .text.gpio_set_function
                0x10000494       0x30 CMakeFiles/picoboard_button.dir/C_/Users/ssacha/.pico-sdk/sdk/1.5.1/src/rp2_common/hardware_gpio/gpio.c.obj
                0x10000494                gpio_set_function
 .text.gpio_set_pulls
                0x100004c4       0x34 CMakeFiles/picoboard_button.dir/C_/Users/ssacha/.pico-sdk/sdk/1.5.1/src/rp2_common/hardware_gpio/gpio.c.obj
                0x100004c4                gpio_set_pulls
 .text.gpio_init
                0x100004f8       0x16 CMakeFiles/picoboard_button.dir/C_/Users/ssacha/.pico-sdk/sdk/1.5.1/src/rp2_common/hardware_gpio/gpio.c.obj
                0x100004f8                gpio_init
 *fill*         0x1000050e        0x2 
 .text.running_on_fpga
                0x10000510       0x14 CMakeFiles/picoboard_button.dir/C_/Users/ssacha/.pico-sdk/sdk/1.5.1/src/rp2_common/pico_platform/platform.c.obj
                0x10000510                running_on_fpga
 .text.hw_claim_lock
                0x10000524       0x18 CMakeFiles/picoboard_button.dir/C_/Users/ssacha/.pico-sdk/sdk/1.5.1/src/rp2_common/hardware_claim/claim.c.obj
                0x10000524                hw_claim_lock
 .text.hw_claim_unlock
                0x1000053c       0x14 CMakeFiles/picoboard_button.dir/C_/Users/ssacha/.pico-sdk/sdk/1.5.1/src/rp2_common/hardware_claim/claim.c.obj
                0x1000053c                hw_claim_unlock
 .text.hw_claim_or_assert
                0x10000550       0x32 CMakeFiles/picoboard_button.dir/C_/Users/ssacha/.pico-sdk/sdk/1.5.1/src/rp2_common/hardware_claim/claim.c.obj
                0x10000550                hw_claim_or_assert
 *fill*         0x10000582        0x2 
 .text.spin_locks_reset
                0x10000584       0x20 CMakeFiles/picoboard_button.dir/C_/Users/ssacha/.pico-sdk/sdk/1.5.1/src/rp2_common/hardware_sync/sync.c.obj
                0x10000584                spin_locks_reset
 .text.next_striped_spin_lock_num
                0x100005a4       0x1c CMakeFiles/picoboard_button.dir/C_/Users/ssacha/.pico-sdk/sdk/1.5.1/src/rp2_common/hardware_sync/sync.c.obj
                0x100005a4                next_striped_spin_lock_num
 .text.set_raw_irq_handler_and_unlock
                0x100005c0       0x28 CMakeFiles/picoboard_button.dir/C_/Users/ssacha/.pico-sdk/sdk/1.5.1/src/rp2_common/hardware_irq/irq.c.obj
 .text.resolve_branch
                0x100005e8       0x30 CMakeFiles/picoboard_button.dir/C_/Users/ssacha/.pico-sdk/sdk/1.5.1/src/rp2_common/hardware_irq/irq.c.obj
 .text.make_branch
                0x10000618       0x48 CMakeFiles/picoboard_button.dir/C_/Users/ssacha/.pico-sdk/sdk/1.5.1/src/rp2_common/hardware_irq/irq.c.obj
 .text.insert_branch_and_link
                0x10000660       0x40 CMakeFiles/picoboard_button.dir/C_/Users/ssacha/.pico-sdk/sdk/1.5.1/src/rp2_common/hardware_irq/irq.c.obj
 .text.irq_is_enabled
                0x100006a0       0x18 CMakeFiles/picoboard_button.dir/C_/Users/ssacha/.pico-sdk/sdk/1.5.1/src/rp2_common/hardware_irq/irq.c.obj
                0x100006a0                irq_is_enabled
 .text.irq_set_mask_enabled
                0x100006b8       0x20 CMakeFiles/picoboard_button.dir/C_/Users/ssacha/.pico-sdk/sdk/1.5.1/src/rp2_common/hardware_irq/irq.c.obj
                0x100006b8                irq_set_mask_enabled
 .text.irq_set_enabled
                0x100006d8        0xe CMakeFiles/picoboard_button.dir/C_/Users/ssacha/.pico-sdk/sdk/1.5.1/src/rp2_common/hardware_irq/irq.c.obj
                0x100006d8                irq_set_enabled
 *fill*         0x100006e6        0x2 
 .text.irq_get_vtable_handler
                0x100006e8       0x10 CMakeFiles/picoboard_button.dir/C_/Users/ssacha/.pico-sdk/sdk/1.5.1/src/rp2_common/hardware_irq/irq.c.obj
                0x100006e8                irq_get_vtable_handler
 .text.irq_set_exclusive_handler
                0x100006f8       0x54 CMakeFiles/picoboard_button.dir/C_/Users/ssacha/.pico-sdk/sdk/1.5.1/src/rp2_common/hardware_irq/irq.c.obj
                0x100006f8                irq_set_exclusive_handler
 .text.irq_remove_handler
                0x1000074c      0x188 CMakeFiles/picoboard_button.dir/C_/Users/ssacha/.pico-sdk/sdk/1.5.1/src/rp2_common/hardware_irq/irq.c.obj
                0x1000074c                irq_remove_handler
 .text.irq_add_tail_to_free_list
                0x100008d4       0xf0 CMakeFiles/picoboard_button.dir/C_/Users/ssacha/.pico-sdk/sdk/1.5.1/src/rp2_common/hardware_irq/irq.c.obj
                0x100008d4                irq_add_tail_to_free_list
 .text.irq_init_priorities
                0x100009c4       0x1c CMakeFiles/picoboard_button.dir/C_/Users/ssacha/.pico-sdk/sdk/1.5.1/src/rp2_common/hardware_irq/irq.c.obj
                0x100009c4                irq_init_priorities
 .text.lock_init
                0x100009e0       0x10 CMakeFiles/picoboard_button.dir/C_/Users/ssacha/.pico-sdk/sdk/1.5.1/src/common/pico_sync/lock_core.c.obj
                0x100009e0                lock_init
 .text.mutex_init
                0x100009f0       0x1a CMakeFiles/picoboard_button.dir/C_/Users/ssacha/.pico-sdk/sdk/1.5.1/src/common/pico_sync/mutex.c.obj
                0x100009f0                mutex_init
 .text.recursive_mutex_init
                0x10000a0a       0x1e CMakeFiles/picoboard_button.dir/C_/Users/ssacha/.pico-sdk/sdk/1.5.1/src/common/pico_sync/mutex.c.obj
                0x10000a0a                recursive_mutex_init
 .text.time_reached
                0x10000a28       0x28 CMakeFiles/picoboard_button.dir/C_/Users/ssacha/.pico-sdk/sdk/1.5.1/src/common/pico_time/time.c.obj
 .text.get_entry
                0x10000a50       0x38 CMakeFiles/picoboard_button.dir/C_/Users/ssacha/.pico-sdk/sdk/1.5.1/src/common/pico_time/time.c.obj
 .text.timer_pool_entry_comparator
                0x10000a88       0x2e CMakeFiles/picoboard_button.dir/C_/Users/ssacha/.pico-sdk/sdk/1.5.1/src/common/pico_time/time.c.obj
                0x10000a88                timer_pool_entry_comparator
 *fill*         0x10000ab6        0x2 
 .text.update_us_since_boot
                0x10000ab8       0x24 CMakeFiles/picoboard_button.dir/C_/Users/ssacha/.pico-sdk/sdk/1.5.1/src/common/pico_time/time.c.obj
 .text.delayed_by_us
                0x10000adc       0x34 CMakeFiles/picoboard_button.dir/C_/Users/ssacha/.pico-sdk/sdk/1.5.1/src/common/pico_time/time.c.obj
 .text.ph_get_node
                0x10000b10       0x30 CMakeFiles/picoboard_button.dir/C_/Users/ssacha/.pico-sdk/sdk/1.5.1/src/common/pico_time/time.c.obj
 .text.ph_contains_node
                0x10000b40       0x1e CMakeFiles/picoboard_button.dir/C_/Users/ssacha/.pico-sdk/sdk/1.5.1/src/common/pico_time/time.c.obj
 .text.ph_new_node
                0x10000b5e       0x28 CMakeFiles/picoboard_button.dir/C_/Users/ssacha/.pico-sdk/sdk/1.5.1/src/common/pico_time/time.c.obj
 *fill*         0x10000b86        0x2 
 .text.ph_add_child_node
                0x10000b88       0x6c CMakeFiles/picoboard_button.dir/C_/Users/ssacha/.pico-sdk/sdk/1.5.1/src/common/pico_time/time.c.obj
 .text.ph_merge_nodes
                0x10000bf4       0x3e CMakeFiles/picoboard_button.dir/C_/Users/ssacha/.pico-sdk/sdk/1.5.1/src/common/pico_time/time.c.obj
 *fill*         0x10000c32        0x2 
 .text.ph_insert_node
                0x10000c34       0x3c CMakeFiles/picoboard_button.dir/C_/Users/ssacha/.pico-sdk/sdk/1.5.1/src/common/pico_time/time.c.obj
 .text.ph_free_node
                0x10000c70       0x5c CMakeFiles/picoboard_button.dir/C_/Users/ssacha/.pico-sdk/sdk/1.5.1/src/common/pico_time/time.c.obj
 .text.get_entry_id_high
                0x10000ccc       0x30 CMakeFiles/picoboard_button.dir/C_/Users/ssacha/.pico-sdk/sdk/1.5.1/src/common/pico_time/time.c.obj
 .text.alarm_pool_post_alloc_init
                0x10000cfc       0x40 CMakeFiles/picoboard_button.dir/C_/Users/ssacha/.pico-sdk/sdk/1.5.1/src/common/pico_time/time.c.obj
 .text.sleep_until_callback
                0x10000d3c       0x30 CMakeFiles/picoboard_button.dir/C_/Users/ssacha/.pico-sdk/sdk/1.5.1/src/common/pico_time/time.c.obj
 .text.get_absolute_time
                0x10000d6c       0x22 CMakeFiles/picoboard_button.dir/C_/Users/ssacha/.pico-sdk/sdk/1.5.1/src/common/pico_time/time.c.obj
 .text.make_timeout_time_us
                0x10000d8e       0x24 CMakeFiles/picoboard_button.dir/C_/Users/ssacha/.pico-sdk/sdk/1.5.1/src/common/pico_time/time.c.obj
 *fill*         0x10000db2        0x2 
 .text.add_alarm_under_lock
                0x10000db4       0x94 CMakeFiles/picoboard_button.dir/C_/Users/ssacha/.pico-sdk/sdk/1.5.1/src/common/pico_time/time.c.obj
 .text.alarm_pool_alarm_callback
                0x10000e48      0x210 CMakeFiles/picoboard_button.dir/C_/Users/ssacha/.pico-sdk/sdk/1.5.1/src/common/pico_time/time.c.obj
 .text.alarm_pool_init_default
                0x10001058       0x40 CMakeFiles/picoboard_button.dir/C_/Users/ssacha/.pico-sdk/sdk/1.5.1/src/common/pico_time/time.c.obj
                0x10001058                alarm_pool_init_default
 .text.alarm_pool_get_default
                0x10001098       0x2c CMakeFiles/picoboard_button.dir/C_/Users/ssacha/.pico-sdk/sdk/1.5.1/src/common/pico_time/time.c.obj
                0x10001098                alarm_pool_get_default
 .text.alarm_pool_add_alarm_at
                0x100010c4      0x10e CMakeFiles/picoboard_button.dir/C_/Users/ssacha/.pico-sdk/sdk/1.5.1/src/common/pico_time/time.c.obj
                0x100010c4                alarm_pool_add_alarm_at
 .text.add_alarm_at
                0x100011d2       0x2e CMakeFiles/picoboard_button.dir/C_/Users/ssacha/.pico-sdk/sdk/1.5.1/src/common/pico_time/time.c.obj
 .text.alarm_pool_cancel_alarm
                0x10001200       0xa8 CMakeFiles/picoboard_button.dir/C_/Users/ssacha/.pico-sdk/sdk/1.5.1/src/common/pico_time/time.c.obj
                0x10001200                alarm_pool_cancel_alarm
 .text.cancel_alarm
                0x100012a8       0x10 CMakeFiles/picoboard_button.dir/C_/Users/ssacha/.pico-sdk/sdk/1.5.1/src/common/pico_time/time.c.obj
 .text.sleep_until
                0x100012b8       0xb0 CMakeFiles/picoboard_button.dir/C_/Users/ssacha/.pico-sdk/sdk/1.5.1/src/common/pico_time/time.c.obj
                0x100012b8                sleep_until
 .text.sleep_us
                0x10001368       0x1a CMakeFiles/picoboard_button.dir/C_/Users/ssacha/.pico-sdk/sdk/1.5.1/src/common/pico_time/time.c.obj
                0x10001368                sleep_us
 .text.sleep_ms
                0x10001382       0x14 CMakeFiles/picoboard_button.dir/C_/Users/ssacha/.pico-sdk/sdk/1.5.1/src/common/pico_time/time.c.obj
                0x10001382                sleep_ms
 *fill*         0x10001396        0x2 
 .text.best_effort_wfe_or_timeout
                0x10001398       0x44 CMakeFiles/picoboard_button.dir/C_/Users/ssacha/.pico-sdk/sdk/1.5.1/src/common/pico_time/time.c.obj
                0x10001398                best_effort_wfe_or_timeout
 .text.update_us_since_boot
                0x100013dc       0x24 CMakeFiles/picoboard_button.dir/C_/Users/ssacha/.pico-sdk/sdk/1.5.1/src/rp2_common/hardware_timer/timer.c.obj
 .text.hardware_alarm_irq_handler
                0x10001400       0x8c CMakeFiles/picoboard_button.dir/C_/Users/ssacha/.pico-sdk/sdk/1.5.1/src/rp2_common/hardware_timer/timer.c.obj
 .text.hardware_alarm_claim
                0x1000148c       0x18 CMakeFiles/picoboard_button.dir/C_/Users/ssacha/.pico-sdk/sdk/1.5.1/src/rp2_common/hardware_timer/timer.c.obj
                0x1000148c                hardware_alarm_claim
 .text.time_us_64
                0x100014a4       0x18 CMakeFiles/picoboard_button.dir/C_/Users/ssacha/.pico-sdk/sdk/1.5.1/src/rp2_common/hardware_timer/timer.c.obj
                0x100014a4                time_us_64
 .text.busy_wait_until
                0x100014bc       0x28 CMakeFiles/picoboard_button.dir/C_/Users/ssacha/.pico-sdk/sdk/1.5.1/src/rp2_common/hardware_timer/timer.c.obj
                0x100014bc                busy_wait_until
 .text.busy_wait_us
                0x100014e4       0x3a CMakeFiles/picoboard_button.dir/C_/Users/ssacha/.pico-sdk/sdk/1.5.1/src/rp2_common/hardware_timer/timer.c.obj
                0x100014e4                busy_wait_us
 *fill*         0x1000151e        0x2 
 .text.hardware_alarm_set_callback
                0x10001520       0x90 CMakeFiles/picoboard_button.dir/C_/Users/ssacha/.pico-sdk/sdk/1.5.1/src/rp2_common/hardware_timer/timer.c.obj
                0x10001520                hardware_alarm_set_callback
 .text.hardware_alarm_set_target
                0x100015b0       0xe8 CMakeFiles/picoboard_button.dir/C_/Users/ssacha/.pico-sdk/sdk/1.5.1/src/rp2_common/hardware_timer/timer.c.obj
                0x100015b0                hardware_alarm_set_target
 .text.hardware_alarm_cancel
                0x10001698       0x40 CMakeFiles/picoboard_button.dir/C_/Users/ssacha/.pico-sdk/sdk/1.5.1/src/rp2_common/hardware_timer/timer.c.obj
                0x10001698                hardware_alarm_cancel
 .text.ph_get_node
                0x100016d8       0x30 CMakeFiles/picoboard_button.dir/C_/Users/ssacha/.pico-sdk/sdk/1.5.1/src/common/pico_util/pheap.c.obj
 .text.ph_add_child_node
                0x10001708       0x6c CMakeFiles/picoboard_button.dir/C_/Users/ssacha/.pico-sdk/sdk/1.5.1/src/common/pico_util/pheap.c.obj
 .text.ph_merge_nodes
                0x10001774       0x3e CMakeFiles/picoboard_button.dir/C_/Users/ssacha/.pico-sdk/sdk/1.5.1/src/common/pico_util/pheap.c.obj
 .text.ph_clear
                0x100017b2       0x34 CMakeFiles/picoboard_button.dir/C_/Users/ssacha/.pico-sdk/sdk/1.5.1/src/common/pico_util/pheap.c.obj
                0x100017b2                ph_clear
 .text.ph_post_alloc_init
                0x100017e6        0xe CMakeFiles/picoboard_button.dir/C_/Users/ssacha/.pico-sdk/sdk/1.5.1/src/common/pico_util/pheap.c.obj
                0x100017e6                ph_post_alloc_init
 .text.ph_merge_two_pass
                0x100017f4       0x5c CMakeFiles/picoboard_button.dir/C_/Users/ssacha/.pico-sdk/sdk/1.5.1/src/common/pico_util/pheap.c.obj
                0x100017f4                ph_merge_two_pass
 .text.ph_remove_any_head
                0x10001850       0xc0 CMakeFiles/picoboard_button.dir/C_/Users/ssacha/.pico-sdk/sdk/1.5.1/src/common/pico_util/pheap.c.obj
 .text.ph_remove_head
                0x10001910       0x14 CMakeFiles/picoboard_button.dir/C_/Users/ssacha/.pico-sdk/sdk/1.5.1/src/common/pico_util/pheap.c.obj
                0x10001910                ph_remove_head
 .text.ph_remove_and_free_node
                0x10001924       0xa0 CMakeFiles/picoboard_button.dir/C_/Users/ssacha/.pico-sdk/sdk/1.5.1/src/common/pico_util/pheap.c.obj
                0x10001924                ph_remove_and_free_node
 .text.uart_disable_before_lcr_write
                0x100019c4       0x48 CMakeFiles/picoboard_button.dir/C_/Users/ssacha/.pico-sdk/sdk/1.5.1/src/rp2_common/hardware_uart/uart.c.obj
 .text.uart_write_lcr_bits_masked
                0x10001a0c       0x22 CMakeFiles/picoboard_button.dir/C_/Users/ssacha/.pico-sdk/sdk/1.5.1/src/rp2_common/hardware_uart/uart.c.obj
 *fill*         0x10001a2e        0x2 
 .text.uart_set_baudrate
                0x10001a30       0x5c CMakeFiles/picoboard_button.dir/C_/Users/ssacha/.pico-sdk/sdk/1.5.1/src/rp2_common/hardware_uart/uart.c.obj
                0x10001a30                uart_set_baudrate
 .text.uart_set_format
                0x10001a8c       0x2c CMakeFiles/picoboard_button.dir/C_/Users/ssacha/.pico-sdk/sdk/1.5.1/src/rp2_common/hardware_uart/uart.c.obj
                0x10001a8c                uart_set_format
 .text.uart_set_fifo_enabled
                0x10001ab8       0x10 CMakeFiles/picoboard_button.dir/C_/Users/ssacha/.pico-sdk/sdk/1.5.1/src/rp2_common/hardware_uart/uart.c.obj
                0x10001ab8                uart_set_fifo_enabled
 .text.uart_set_translate_crlf
                0x10001ac8       0x28 CMakeFiles/picoboard_button.dir/C_/Users/ssacha/.pico-sdk/sdk/1.5.1/src/rp2_common/hardware_uart/uart.c.obj
                0x10001ac8                uart_set_translate_crlf
 .text.uart_init
                0x10001af0       0x80 CMakeFiles/picoboard_button.dir/C_/Users/ssacha/.pico-sdk/sdk/1.5.1/src/rp2_common/hardware_uart/uart.c.obj
                0x10001af0                uart_init
 .text.clock_configure
                0x10001b70      0x108 CMakeFiles/picoboard_button.dir/C_/Users/ssacha/.pico-sdk/sdk/1.5.1/src/rp2_common/hardware_clocks/clocks.c.obj
                0x10001b70                clock_configure
 .text.clocks_init
                0x10001c78      0x100 CMakeFiles/picoboard_button.dir/C_/Users/ssacha/.pico-sdk/sdk/1.5.1/src/rp2_common/hardware_clocks/clocks.c.obj
                0x10001c78                clocks_init
 .text.clock_get_hz
                0x10001d78        0xc CMakeFiles/picoboard_button.dir/C_/Users/ssacha/.pico-sdk/sdk/1.5.1/src/rp2_common/hardware_clocks/clocks.c.obj
                0x10001d78                clock_get_hz
 .text.pll_init
                0x10001d84      0x120 CMakeFiles/picoboard_button.dir/C_/Users/ssacha/.pico-sdk/sdk/1.5.1/src/rp2_common/hardware_pll/pll.c.obj
                0x10001d84                pll_init
 .text.watchdog_start_tick
                0x10001ea4       0x10 CMakeFiles/picoboard_button.dir/C_/Users/ssacha/.pico-sdk/sdk/1.5.1/src/rp2_common/hardware_watchdog/watchdog.c.obj
                0x10001ea4                watchdog_start_tick
 .text.xosc_init
                0x10001eb4       0x28 CMakeFiles/picoboard_button.dir/C_/Users/ssacha/.pico-sdk/sdk/1.5.1/src/rp2_common/hardware_xosc/xosc.c.obj
                0x10001eb4                xosc_init
 .text._exit    0x10001edc        0x4 CMakeFiles/picoboard_button.dir/C_/Users/ssacha/.pico-sdk/sdk/1.5.1/src/rp2_common/pico_runtime/runtime.c.obj
                0x10001edc                _exit
 .text.exit     0x10001ee0        0x6 CMakeFiles/picoboard_button.dir/C_/Users/ssacha/.pico-sdk/sdk/1.5.1/src/rp2_common/pico_runtime/runtime.c.obj
                0x10001ee0                exit
 *fill*         0x10001ee6        0x2 
 .text.__assert_func
                0x10001ee8       0x38 CMakeFiles/picoboard_button.dir/C_/Users/ssacha/.pico-sdk/sdk/1.5.1/src/rp2_common/pico_runtime/runtime.c.obj
                0x10001ee8                __assert_func
 .text.runtime_init
                0x10001f20       0xf8 CMakeFiles/picoboard_button.dir/C_/Users/ssacha/.pico-sdk/sdk/1.5.1/src/rp2_common/pico_runtime/runtime.c.obj
                0x10001f20                runtime_init
 .text.panic    0x10002018       0x30 CMakeFiles/picoboard_button.dir/C_/Users/ssacha/.pico-sdk/sdk/1.5.1/src/rp2_common/pico_runtime/runtime.c.obj
                0x10002018                panic
 .text._out_null
                0x10002048        0x2 CMakeFiles/picoboard_button.dir/C_/Users/ssacha/.pico-sdk/sdk/1.5.1/src/rp2_common/pico_printf/printf.c.obj
 .text._out_fct
                0x1000204a        0xe CMakeFiles/picoboard_button.dir/C_/Users/ssacha/.pico-sdk/sdk/1.5.1/src/rp2_common/pico_printf/printf.c.obj
 .text._atoi    0x10002058       0x24 CMakeFiles/picoboard_button.dir/C_/Users/ssacha/.pico-sdk/sdk/1.5.1/src/rp2_common/pico_printf/printf.c.obj
 .text._out_rev
                0x1000207c       0xae CMakeFiles/picoboard_button.dir/C_/Users/ssacha/.pico-sdk/sdk/1.5.1/src/rp2_common/pico_printf/printf.c.obj
 .text._ntoa_format
                0x1000212a      0x110 CMakeFiles/picoboard_button.dir/C_/Users/ssacha/.pico-sdk/sdk/1.5.1/src/rp2_common/pico_printf/printf.c.obj
 .text._ntoa_long
                0x1000223a       0xbc CMakeFiles/picoboard_button.dir/C_/Users/ssacha/.pico-sdk/sdk/1.5.1/src/rp2_common/pico_printf/printf.c.obj
 .text._ntoa_long_long
                0x100022f6      0x10e CMakeFiles/picoboard_button.dir/C_/Users/ssacha/.pico-sdk/sdk/1.5.1/src/rp2_common/pico_printf/printf.c.obj
 .text._etoa    0x10002404      0x420 CMakeFiles/picoboard_button.dir/C_/Users/ssacha/.pico-sdk/sdk/1.5.1/src/rp2_common/pico_printf/printf.c.obj
 .text._ftoa    0x10002824      0x354 CMakeFiles/picoboard_button.dir/C_/Users/ssacha/.pico-sdk/sdk/1.5.1/src/rp2_common/pico_printf/printf.c.obj
 .text._vsnprintf
                0x10002b78      0x668 CMakeFiles/picoboard_button.dir/C_/Users/ssacha/.pico-sdk/sdk/1.5.1/src/rp2_common/pico_printf/printf.c.obj
 .text.vfctprintf
                0x100031e0       0x20 CMakeFiles/picoboard_button.dir/C_/Users/ssacha/.pico-sdk/sdk/1.5.1/src/rp2_common/pico_printf/printf.c.obj
                0x100031e0                vfctprintf
 .text          0x10003200       0x10 CMakeFiles/picoboard_button.dir/C_/Users/ssacha/.pico-sdk/sdk/1.5.1/src/rp2_common/pico_bit_ops/bit_ops_aeabi.S.obj
 .text.rom_func_lookup
                0x10003210       0x10 CMakeFiles/picoboard_button.dir/C_/Users/ssacha/.pico-sdk/sdk/1.5.1/src/rp2_common/pico_bootrom/bootrom.c.obj
                0x10003210                rom_func_lookup
 .text.rom_data_lookup
                0x10003220       0x10 CMakeFiles/picoboard_button.dir/C_/Users/ssacha/.pico-sdk/sdk/1.5.1/src/rp2_common/pico_bootrom/bootrom.c.obj
                0x10003220                rom_data_lookup
 .text.rom_funcs_lookup
                0x10003230       0x36 CMakeFiles/picoboard_button.dir/C_/Users/ssacha/.pico-sdk/sdk/1.5.1/src/rp2_common/pico_bootrom/bootrom.c.obj
                0x10003230                rom_funcs_lookup
 *fill*         0x10003266        0x2 
 .text.__wrap___aeabi_idiv
                0x10003268       0x50 CMakeFiles/picoboard_button.dir/C_/Users/ssacha/.pico-sdk/sdk/1.5.1/src/rp2_common/pico_divider/divider.S.obj
                0x10003268                __wrap___aeabi_idivmod
                0x10003268                divmod_s32s32
                0x10003268                div_s32s32
                0x10003268                __wrap___aeabi_idiv
                0x10003270                divmod_s32s32_unsafe
                0x1000329c                divmod_s32s32_savestate
 .text.__wrap___aeabi_uidiv
                0x100032b8       0x4c CMakeFiles/picoboard_button.dir/C_/Users/ssacha/.pico-sdk/sdk/1.5.1/src/rp2_common/pico_divider/divider.S.obj
                0x100032b8                __wrap___aeabi_uidiv
                0x100032b8                __wrap___aeabi_uidivmod
                0x100032b8                div_u32u32
                0x100032b8                divmod_u32u32
                0x100032c0                divmod_u32u32_unsafe
                0x100032e8                divmod_u32u32_savestate
 .text.__wrap___aeabi_ldiv
                0x10003304      0x424 CMakeFiles/picoboard_button.dir/C_/Users/ssacha/.pico-sdk/sdk/1.5.1/src/rp2_common/pico_divider/divider.S.obj
                0x10003304                div_s64s64
                0x10003304                divmod_s64s64
                0x10003304                __wrap___aeabi_ldivmod
                0x10003334                divmod_u64u64
                0x10003334                div_u64u64
                0x10003334                __wrap___aeabi_uldivmod
                0x10003344                divmod_u64u64_savestate
                0x10003364                divmod_s64s64_unsafe
                0x100033ec                divmod_u64u64_unsafe
 .text.__wrap___aeabi_darithmetic
                0x10003728       0x80 CMakeFiles/picoboard_button.dir/C_/Users/ssacha/.pico-sdk/sdk/1.5.1/src/rp2_common/pico_double/double_aeabi.S.obj
                0x10003728                __wrap___aeabi_drsub
                0x1000372e                __wrap___aeabi_dsub
                0x10003740                __wrap___aeabi_dadd
                0x10003752                __wrap___aeabi_ddiv
                0x1000378e                __wrap___aeabi_dmul
 .text.__wrap___aeabi_cdcmple
                0x100037a8       0x6c CMakeFiles/picoboard_button.dir/C_/Users/ssacha/.pico-sdk/sdk/1.5.1/src/rp2_common/pico_double/double_aeabi.S.obj
                0x100037a8                __wrap___aeabi_cdrcmple
                0x100037b8                __wrap___aeabi_cdcmpeq
                0x100037b8                __wrap___aeabi_cdcmple
 .text.__wrap___aeabi_dcmplt
                0x10003814        0xc CMakeFiles/picoboard_button.dir/C_/Users/ssacha/.pico-sdk/sdk/1.5.1/src/rp2_common/pico_double/double_aeabi.S.obj
                0x10003814                __wrap___aeabi_dcmplt
 .text.__wrap___aeabi_dcmple
                0x10003820       0x10 CMakeFiles/picoboard_button.dir/C_/Users/ssacha/.pico-sdk/sdk/1.5.1/src/rp2_common/pico_double/double_aeabi.S.obj
                0x10003820                __wrap___aeabi_dcmple
 .text.__wrap___aeabi_dcmpge
                0x10003830       0x10 CMakeFiles/picoboard_button.dir/C_/Users/ssacha/.pico-sdk/sdk/1.5.1/src/rp2_common/pico_double/double_aeabi.S.obj
                0x10003830                __wrap___aeabi_dcmpge
 .text.__wrap___aeabi_dcmpgt
                0x10003840        0xa CMakeFiles/picoboard_button.dir/C_/Users/ssacha/.pico-sdk/sdk/1.5.1/src/rp2_common/pico_double/double_aeabi.S.obj
                0x10003840                __wrap___aeabi_dcmpgt
 .text.__wrap___aeabi_dcmpun
                0x1000384a       0x1c CMakeFiles/picoboard_button.dir/C_/Users/ssacha/.pico-sdk/sdk/1.5.1/src/rp2_common/pico_double/double_aeabi.S.obj
                0x1000384a                __wrap___aeabi_dcmpun
 *fill*         0x10003866        0x2 
 .text.__wrap___aeabi_i2d
                0x10003868       0x38 CMakeFiles/picoboard_button.dir/C_/Users/ssacha/.pico-sdk/sdk/1.5.1/src/rp2_common/pico_double/double_aeabi.S.obj
                0x10003868                __wrap___aeabi_ui2d
                0x10003870                __wrap___aeabi_i2d
 .text.__wrap___aeabi_d2iz
                0x100038a0       0x48 CMakeFiles/picoboard_button.dir/C_/Users/ssacha/.pico-sdk/sdk/1.5.1/src/rp2_common/pico_double/double_aeabi.S.obj
                0x100038a0                double2int_z
                0x100038a0                __wrap___aeabi_d2iz
 .text.__wrap___aeabi_d2uiz
                0x100038e8       0x18 CMakeFiles/picoboard_button.dir/C_/Users/ssacha/.pico-sdk/sdk/1.5.1/src/rp2_common/pico_double/double_aeabi.S.obj
                0x100038e8                __wrap___aeabi_d2uiz
                0x100038e8                double2uint
 .text.__aeabi_double_init
                0x10003900       0xcc CMakeFiles/picoboard_button.dir/C_/Users/ssacha/.pico-sdk/sdk/1.5.1/src/rp2_common/pico_double/double_init_rom.c.obj
                0x10003900                __aeabi_double_init
 .text.double_table_shim_on_use_helper
                0x100039cc       0x34 CMakeFiles/picoboard_button.dir/C_/Users/ssacha/.pico-sdk/sdk/1.5.1/src/rp2_common/pico_double/double_v1_rom_shim.S.obj
                0x100039cc                double_table_shim_on_use_helper
 .text.__wrap___aeabi_dsub
                0x10003a00       0x10 CMakeFiles/picoboard_button.dir/C_/Users/ssacha/.pico-sdk/sdk/1.5.1/src/rp2_common/pico_double/double_v1_rom_shim.S.obj
                0x10003a00                drsub_shim
                0x10003a06                dsub_shim
 .text.dadd_shim
                0x10003a10      0x15c CMakeFiles/picoboard_button.dir/C_/Users/ssacha/.pico-sdk/sdk/1.5.1/src/rp2_common/pico_double/double_v1_rom_shim.S.obj
                0x10003a10                dadd_shim
 .text.dmul_shim
                0x10003b6c      0x15c CMakeFiles/picoboard_button.dir/C_/Users/ssacha/.pico-sdk/sdk/1.5.1/src/rp2_common/pico_double/double_v1_rom_shim.S.obj
                0x10003b6c                dmul_shim
 .text.ddiv_shim
                0x10003cc8      0x1b0 CMakeFiles/picoboard_button.dir/C_/Users/ssacha/.pico-sdk/sdk/1.5.1/src/rp2_common/pico_double/double_v1_rom_shim.S.obj
                0x10003cc8                ddiv_shim
 .text.double2uint_shim
                0x10003e78        0xe CMakeFiles/picoboard_button.dir/C_/Users/ssacha/.pico-sdk/sdk/1.5.1/src/rp2_common/pico_double/double_v1_rom_shim.S.obj
                0x10003e78                double2uint_shim
                0x10003e7a                double2ufix_shim
 *fill*         0x10003e86        0x2 
 .text.double2uint64_shim
                0x10003e88       0x70 CMakeFiles/picoboard_button.dir/C_/Users/ssacha/.pico-sdk/sdk/1.5.1/src/rp2_common/pico_double/double_v1_rom_shim.S.obj
                0x10003e88                double2uint64_shim
                0x10003e8a                double2ufix64_shim
                0x10003eaa                d2fix_a
 .text.dunpacks
                0x10003ef8       0x3c CMakeFiles/picoboard_button.dir/C_/Users/ssacha/.pico-sdk/sdk/1.5.1/src/rp2_common/pico_double/double_v1_rom_shim.S.obj
                0x10003ef8                dunpacks
 .text.__aeabi_lmul
                0x10003f34       0x32 CMakeFiles/picoboard_button.dir/C_/Users/ssacha/.pico-sdk/sdk/1.5.1/src/rp2_common/pico_int64_ops/pico_int64_ops_aeabi.S.obj
                0x10003f34                __wrap___aeabi_lmul
 *fill*         0x10003f66        0x2 
 .text.__aeabi_float_init
                0x10003f68       0xfc CMakeFiles/picoboard_button.dir/C_/Users/ssacha/.pico-sdk/sdk/1.5.1/src/rp2_common/pico_float/float_init_rom.c.obj
                0x10003f68                __aeabi_float_init
 .text.float_table_shim_on_use_helper
                0x10004064       0x34 CMakeFiles/picoboard_button.dir/C_/Users/ssacha/.pico-sdk/sdk/1.5.1/src/rp2_common/pico_float/float_v1_rom_shim.S.obj
                0x10004064                float_table_shim_on_use_helper
 .text          0x10004098       0x10 CMakeFiles/picoboard_button.dir/C_/Users/ssacha/.pico-sdk/sdk/1.5.1/src/rp2_common/pico_mem_ops/mem_ops_aeabi.S.obj
                0x10004098                __aeabi_mem_init
 .text.memcpy   0x100040a8        0xc CMakeFiles/picoboard_button.dir/C_/Users/ssacha/.pico-sdk/sdk/1.5.1/src/rp2_common/pico_mem_ops/mem_ops_aeabi.S.obj
                0x100040a8                __wrap_memcpy
                0x100040a8                __wrap___aeabi_memcpy
 .text.stdio_out_chars_no_crlf
                0x100040b4        0xe CMakeFiles/picoboard_button.dir/C_/Users/ssacha/.pico-sdk/sdk/1.5.1/src/rp2_common/pico_stdio/stdio.c.obj
 *fill*         0x100040c2        0x2 
 .text.stdio_out_chars_crlf
                0x100040c4       0x80 CMakeFiles/picoboard_button.dir/C_/Users/ssacha/.pico-sdk/sdk/1.5.1/src/rp2_common/pico_stdio/stdio.c.obj
 .text.stdio_stack_buffer_flush
                0x10004144       0x44 CMakeFiles/picoboard_button.dir/C_/Users/ssacha/.pico-sdk/sdk/1.5.1/src/rp2_common/pico_stdio/stdio.c.obj
 .text.stdio_buffered_printer
                0x10004188       0x20 CMakeFiles/picoboard_button.dir/C_/Users/ssacha/.pico-sdk/sdk/1.5.1/src/rp2_common/pico_stdio/stdio.c.obj
 .text.update_us_since_boot
                0x100041a8       0x24 CMakeFiles/picoboard_button.dir/C_/Users/ssacha/.pico-sdk/sdk/1.5.1/src/rp2_common/pico_stdio/stdio.c.obj
 .text.get_absolute_time
                0x100041cc       0x22 CMakeFiles/picoboard_button.dir/C_/Users/ssacha/.pico-sdk/sdk/1.5.1/src/rp2_common/pico_stdio/stdio.c.obj
 *fill*         0x100041ee        0x2 
 .text.delayed_by_ms
                0x100041f0       0x44 CMakeFiles/picoboard_button.dir/C_/Users/ssacha/.pico-sdk/sdk/1.5.1/src/rp2_common/pico_stdio/stdio.c.obj
 .text.make_timeout_time_ms
                0x10004234       0x20 CMakeFiles/picoboard_button.dir/C_/Users/ssacha/.pico-sdk/sdk/1.5.1/src/rp2_common/pico_stdio/stdio.c.obj
 .text.stdout_serialize_begin
                0x10004254       0x20 CMakeFiles/picoboard_button.dir/C_/Users/ssacha/.pico-sdk/sdk/1.5.1/src/rp2_common/pico_stdio/stdio.c.obj
                0x10004254                stdout_serialize_begin
 .text.stdout_serialize_end
                0x10004274       0x10 CMakeFiles/picoboard_button.dir/C_/Users/ssacha/.pico-sdk/sdk/1.5.1/src/rp2_common/pico_stdio/stdio.c.obj
                0x10004274                stdout_serialize_end
 .text.stdio_put_string
                0x10004284       0x98 CMakeFiles/picoboard_button.dir/C_/Users/ssacha/.pico-sdk/sdk/1.5.1/src/rp2_common/pico_stdio/stdio.c.obj
 .text.stdio_set_driver_enabled
                0x1000431c       0x2c CMakeFiles/picoboard_button.dir/C_/Users/ssacha/.pico-sdk/sdk/1.5.1/src/rp2_common/pico_stdio/stdio.c.obj
                0x1000431c                stdio_set_driver_enabled
 .text.stdio_flush
                0x10004348       0x20 CMakeFiles/picoboard_button.dir/C_/Users/ssacha/.pico-sdk/sdk/1.5.1/src/rp2_common/pico_stdio/stdio.c.obj
                0x10004348                stdio_flush
 .text.__wrap_puts
                0x10004368       0x1e CMakeFiles/picoboard_button.dir/C_/Users/ssacha/.pico-sdk/sdk/1.5.1/src/rp2_common/pico_stdio/stdio.c.obj
                0x10004368                __wrap_puts
 *fill*         0x10004386        0x2 
 .text.__wrap_vprintf
                0x10004388       0x40 CMakeFiles/picoboard_button.dir/C_/Users/ssacha/.pico-sdk/sdk/1.5.1/src/rp2_common/pico_stdio/stdio.c.obj
                0x10004388                __wrap_vprintf
 .text.__wrap_printf
                0x100043c8       0x18 CMakeFiles/picoboard_button.dir/C_/Users/ssacha/.pico-sdk/sdk/1.5.1/src/rp2_common/pico_stdio/stdio.c.obj
                0x100043c8                __wrap_printf
 .text.stdio_init_all
                0x100043e0        0xa CMakeFiles/picoboard_button.dir/C_/Users/ssacha/.pico-sdk/sdk/1.5.1/src/rp2_common/pico_stdio/stdio.c.obj
                0x100043e0                stdio_init_all
 *fill*         0x100043ea        0x2 
 .text.uart_putc
                0x100043ec       0x60 CMakeFiles/picoboard_button.dir/C_/Users/ssacha/.pico-sdk/sdk/1.5.1/src/rp2_common/pico_stdio_uart/stdio_uart.c.obj
 .text.uart_getc
                0x1000444c       0x24 CMakeFiles/picoboard_button.dir/C_/Users/ssacha/.pico-sdk/sdk/1.5.1/src/rp2_common/pico_stdio_uart/stdio_uart.c.obj
 .text.stdio_uart_out_chars
                0x10004470       0x20 CMakeFiles/picoboard_button.dir/C_/Users/ssacha/.pico-sdk/sdk/1.5.1/src/rp2_common/pico_stdio_uart/stdio_uart.c.obj
 .text.stdio_uart_in_chars
                0x10004490       0x5c CMakeFiles/picoboard_button.dir/C_/Users/ssacha/.pico-sdk/sdk/1.5.1/src/rp2_common/pico_stdio_uart/stdio_uart.c.obj
                0x10004490                stdio_uart_in_chars
 .text.on_uart_rx
                0x100044ec       0x28 CMakeFiles/picoboard_button.dir/C_/Users/ssacha/.pico-sdk/sdk/1.5.1/src/rp2_common/pico_stdio_uart/stdio_uart.c.obj
 .text.stdio_uart_set_chars_available_callback
                0x10004514       0x8c CMakeFiles/picoboard_button.dir/C_/Users/ssacha/.pico-sdk/sdk/1.5.1/src/rp2_common/pico_stdio_uart/stdio_uart.c.obj
 .text.stdio_uart_init_full
                0x100045a0       0x44 CMakeFiles/picoboard_button.dir/C_/Users/ssacha/.pico-sdk/sdk/1.5.1/src/rp2_common/pico_stdio_uart/stdio_uart.c.obj
                0x100045a0                stdio_uart_init_full
 .text.stdio_uart_init
                0x100045e4       0x28 CMakeFiles/picoboard_button.dir/C_/Users/ssacha/.pico-sdk/sdk/1.5.1/src/rp2_common/pico_stdio_uart/stdio_uart.c.obj
                0x100045e4                stdio_uart_init
 .text.strlen   0x1000460c       0x5c C:/Users/ssacha/.pico-sdk/toolchain/13_2_Rel1/bin/../lib/gcc/arm-none-eabi/13.2.1/thumb/v6-m/nofp\libg.a(libc_a-strlen-stub.o)
                0x1000460c                strlen
 *(.fini)
 .fini          0x10004668        0x4 C:/Users/ssacha/.pico-sdk/toolchain/13_2_Rel1/bin/../lib/gcc/arm-none-eabi/13.2.1/thumb/v6-m/nofp/crti.o
                0x10004668                _fini
 *fill*         0x1000466c        0x4 
 .fini.__stub   0x10004670       0x40 linker stubs
 *crtbegin.o(.ctors)
 *crtbegin?.o(.ctors)
 *(EXCLUDE_FILE(*crtend.o *crtend?.o) .ctors)
 *(SORT_BY_NAME(.ctors.*))
 *(.ctors)
 *crtbegin.o(.dtors)
 *crtbegin?.o(.dtors)
 *(EXCLUDE_FILE(*crtend.o *crtend?.o) .dtors)
 *(SORT_BY_NAME(.dtors.*))
 *(.dtors)
 *(.eh_frame*)
 .eh_frame      0x100046b0        0x0 C:/Users/ssacha/.pico-sdk/toolchain/13_2_Rel1/bin/../lib/gcc/arm-none-eabi/13.2.1/thumb/v6-m/nofp/crtbegin.o
                0x100046b0                        . = ALIGN (0x4)

.glue_7         0x100046b0        0x0
 .glue_7        0x100046b0        0x0 linker stubs

.glue_7t        0x100046b0        0x0
 .glue_7t       0x100046b0        0x0 linker stubs

.vfp11_veneer   0x100046b0        0x0
 .vfp11_veneer  0x100046b0        0x0 linker stubs

.v4_bx          0x100046b0        0x0
 .v4_bx         0x100046b0        0x0 linker stubs

.iplt           0x100046b0        0x0
 .iplt          0x100046b0        0x0 C:/Users/ssacha/.pico-sdk/toolchain/13_2_Rel1/bin/../lib/gcc/arm-none-eabi/13.2.1/thumb/v6-m/nofp/crtbegin.o

.rodata         0x100046b0      0xecc
 *(EXCLUDE_FILE(*libm.a: *libc.a:*lib_a-mem*.o *libgcc.a:) .rodata*)
 .rodata.KEY_CODES
                0x100046b0       0x10 CMakeFiles/picoboard_button.dir/button.c.obj
 .rodata.ROW_PINS
                0x100046c0       0x10 CMakeFiles/picoboard_button.dir/button.c.obj
 .rodata.COLUMN_PINS
                0x100046d0       0x10 CMakeFiles/picoboard_button.dir/button.c.obj
 .rodata.resolve_branch.str1.4
                0x100046e0      0xa08 CMakeFiles/picoboard_button.dir/C_/Users/ssacha/.pico-sdk/sdk/1.5.1/src/rp2_common/hardware_irq/irq.c.obj
                                 0x5e (size before relaxing)
 .rodata.make_branch.str1.4
                0x100050e8       0x30 CMakeFiles/picoboard_button.dir/C_/Users/ssacha/.pico-sdk/sdk/1.5.1/src/rp2_common/hardware_irq/irq.c.obj
 .rodata.insert_branch_and_link.str1.4
                0x100050e8       0x10 CMakeFiles/picoboard_button.dir/C_/Users/ssacha/.pico-sdk/sdk/1.5.1/src/rp2_common/hardware_irq/irq.c.obj
 .rodata.irq_set_exclusive_handler.str1.4
                0x100050e8       0x36 CMakeFiles/picoboard_button.dir/C_/Users/ssacha/.pico-sdk/sdk/1.5.1/src/rp2_common/hardware_irq/irq.c.obj
 .rodata.irq_remove_handler.str1.4
                0x100050e8       0x3a CMakeFiles/picoboard_button.dir/C_/Users/ssacha/.pico-sdk/sdk/1.5.1/src/rp2_common/hardware_irq/irq.c.obj
 .rodata.irq_add_tail_to_free_list.str1.4
                0x100050e8       0x3a CMakeFiles/picoboard_button.dir/C_/Users/ssacha/.pico-sdk/sdk/1.5.1/src/rp2_common/hardware_irq/irq.c.obj
 .rodata.__func__.0
                0x100050e8       0x1a CMakeFiles/picoboard_button.dir/C_/Users/ssacha/.pico-sdk/sdk/1.5.1/src/rp2_common/hardware_irq/irq.c.obj
 *fill*         0x10005102        0x2 
 .rodata.__func__.1
                0x10005104       0x17 CMakeFiles/picoboard_button.dir/C_/Users/ssacha/.pico-sdk/sdk/1.5.1/src/rp2_common/hardware_irq/irq.c.obj
 *fill*         0x1000511b        0x1 
 .rodata.__func__.2
                0x1000511c       0x13 CMakeFiles/picoboard_button.dir/C_/Users/ssacha/.pico-sdk/sdk/1.5.1/src/rp2_common/hardware_irq/irq.c.obj
 *fill*         0x1000512f        0x1 
 .rodata.__func__.3
                0x10005130        0xc CMakeFiles/picoboard_button.dir/C_/Users/ssacha/.pico-sdk/sdk/1.5.1/src/rp2_common/hardware_irq/irq.c.obj
 .rodata.__func__.4
                0x1000513c        0xf CMakeFiles/picoboard_button.dir/C_/Users/ssacha/.pico-sdk/sdk/1.5.1/src/rp2_common/hardware_irq/irq.c.obj
 *fill*         0x1000514b        0x1 
 .rodata.__func__.6
                0x1000514c       0x1a CMakeFiles/picoboard_button.dir/C_/Users/ssacha/.pico-sdk/sdk/1.5.1/src/rp2_common/hardware_irq/irq.c.obj
 .rodata.str1.4
                0x10005166       0x95 CMakeFiles/picoboard_button.dir/C_/Users/ssacha/.pico-sdk/sdk/1.5.1/src/common/pico_sync/mutex.c.obj
 *fill*         0x10005166        0x2 
 .rodata.__func__.1
                0x10005168        0xb CMakeFiles/picoboard_button.dir/C_/Users/ssacha/.pico-sdk/sdk/1.5.1/src/common/pico_sync/mutex.c.obj
 *fill*         0x10005173        0x1 
 .rodata.__func__.3
                0x10005174       0x18 CMakeFiles/picoboard_button.dir/C_/Users/ssacha/.pico-sdk/sdk/1.5.1/src/common/pico_sync/mutex.c.obj
 .rodata.get_entry.str1.4
                0x1000518c       0x64 CMakeFiles/picoboard_button.dir/C_/Users/ssacha/.pico-sdk/sdk/1.5.1/src/common/pico_time/time.c.obj
 .rodata.update_us_since_boot.str1.4
                0x1000518c       0x6a CMakeFiles/picoboard_button.dir/C_/Users/ssacha/.pico-sdk/sdk/1.5.1/src/common/pico_time/time.c.obj
 .rodata.ph_get_node.str1.4
                0x1000518c       0x6f CMakeFiles/picoboard_button.dir/C_/Users/ssacha/.pico-sdk/sdk/1.5.1/src/common/pico_time/time.c.obj
 .rodata.ph_add_child_node.str1.4
                0x1000518c       0x2e CMakeFiles/picoboard_button.dir/C_/Users/ssacha/.pico-sdk/sdk/1.5.1/src/common/pico_time/time.c.obj
 .rodata.ph_insert_node.str1.4
                0x1000518c        0x3 CMakeFiles/picoboard_button.dir/C_/Users/ssacha/.pico-sdk/sdk/1.5.1/src/common/pico_time/time.c.obj
 .rodata.ph_free_node.str1.4
                0x1000518c       0x38 CMakeFiles/picoboard_button.dir/C_/Users/ssacha/.pico-sdk/sdk/1.5.1/src/common/pico_time/time.c.obj
 .rodata.add_alarm_under_lock.str1.4
                0x1000518c       0x28 CMakeFiles/picoboard_button.dir/C_/Users/ssacha/.pico-sdk/sdk/1.5.1/src/common/pico_time/time.c.obj
 .rodata.alarm_pool_alarm_callback.str1.4
                0x1000518c       0x60 CMakeFiles/picoboard_button.dir/C_/Users/ssacha/.pico-sdk/sdk/1.5.1/src/common/pico_time/time.c.obj
 .rodata.alarm_pool_get_default.str1.4
                0x1000518c       0x21 CMakeFiles/picoboard_button.dir/C_/Users/ssacha/.pico-sdk/sdk/1.5.1/src/common/pico_time/time.c.obj
 .rodata.alarm_pool_cancel_alarm.str1.4
                0x1000518c       0x27 CMakeFiles/picoboard_button.dir/C_/Users/ssacha/.pico-sdk/sdk/1.5.1/src/common/pico_time/time.c.obj
 .rodata.sleep_until.str1.4
                0x1000518c       0x4d CMakeFiles/picoboard_button.dir/C_/Users/ssacha/.pico-sdk/sdk/1.5.1/src/common/pico_time/time.c.obj
 .rodata.__func__.1
                0x1000518c       0x18 CMakeFiles/picoboard_button.dir/C_/Users/ssacha/.pico-sdk/sdk/1.5.1/src/common/pico_time/time.c.obj
 .rodata.__func__.3
                0x100051a4       0x17 CMakeFiles/picoboard_button.dir/C_/Users/ssacha/.pico-sdk/sdk/1.5.1/src/common/pico_time/time.c.obj
 *fill*         0x100051bb        0x1 
 .rodata.__func__.4
                0x100051bc       0x12 CMakeFiles/picoboard_button.dir/C_/Users/ssacha/.pico-sdk/sdk/1.5.1/src/common/pico_time/time.c.obj
 *fill*         0x100051ce        0x2 
 .rodata.__func__.5
                0x100051d0        0xd CMakeFiles/picoboard_button.dir/C_/Users/ssacha/.pico-sdk/sdk/1.5.1/src/common/pico_time/time.c.obj
 *fill*         0x100051dd        0x3 
 .rodata.__func__.6
                0x100051e0       0x12 CMakeFiles/picoboard_button.dir/C_/Users/ssacha/.pico-sdk/sdk/1.5.1/src/common/pico_time/time.c.obj
 *fill*         0x100051f2        0x2 
 .rodata.__func__.7
                0x100051f4        0xf CMakeFiles/picoboard_button.dir/C_/Users/ssacha/.pico-sdk/sdk/1.5.1/src/common/pico_time/time.c.obj
 *fill*         0x10005203        0x1 
 .rodata.__func__.8
                0x10005204        0xc CMakeFiles/picoboard_button.dir/C_/Users/ssacha/.pico-sdk/sdk/1.5.1/src/common/pico_time/time.c.obj
 .rodata.__func__.9
                0x10005210       0x15 CMakeFiles/picoboard_button.dir/C_/Users/ssacha/.pico-sdk/sdk/1.5.1/src/common/pico_time/time.c.obj
 *fill*         0x10005225        0x3 
 .rodata.__func__.10
                0x10005228       0x15 CMakeFiles/picoboard_button.dir/C_/Users/ssacha/.pico-sdk/sdk/1.5.1/src/common/pico_time/time.c.obj
 *fill*         0x1000523d        0x3 
 .rodata.__func__.11
                0x10005240       0x1a CMakeFiles/picoboard_button.dir/C_/Users/ssacha/.pico-sdk/sdk/1.5.1/src/common/pico_time/time.c.obj
 *fill*         0x1000525a        0x2 
 .rodata.__func__.12
                0x1000525c        0xa CMakeFiles/picoboard_button.dir/C_/Users/ssacha/.pico-sdk/sdk/1.5.1/src/common/pico_time/time.c.obj
 .rodata.update_us_since_boot.str1.4
                0x10005266       0x6a CMakeFiles/picoboard_button.dir/C_/Users/ssacha/.pico-sdk/sdk/1.5.1/src/rp2_common/hardware_timer/timer.c.obj
 .rodata.hardware_alarm_claim.str1.4
                0x10005266       0x22 CMakeFiles/picoboard_button.dir/C_/Users/ssacha/.pico-sdk/sdk/1.5.1/src/rp2_common/hardware_timer/timer.c.obj
 .rodata.hardware_alarm_set_target.str1.4
                0x10005266       0x6e CMakeFiles/picoboard_button.dir/C_/Users/ssacha/.pico-sdk/sdk/1.5.1/src/rp2_common/hardware_timer/timer.c.obj
 *fill*         0x10005266        0x2 
 .rodata.__func__.0
                0x10005268       0x1a CMakeFiles/picoboard_button.dir/C_/Users/ssacha/.pico-sdk/sdk/1.5.1/src/rp2_common/hardware_timer/timer.c.obj
 *fill*         0x10005282        0x2 
 .rodata.__func__.1
                0x10005284       0x15 CMakeFiles/picoboard_button.dir/C_/Users/ssacha/.pico-sdk/sdk/1.5.1/src/rp2_common/hardware_timer/timer.c.obj
 .rodata.ph_get_node.str1.4
                0x10005299       0x6f CMakeFiles/picoboard_button.dir/C_/Users/ssacha/.pico-sdk/sdk/1.5.1/src/common/pico_util/pheap.c.obj
 .rodata.ph_add_child_node.str1.4
                0x10005299       0x2e CMakeFiles/picoboard_button.dir/C_/Users/ssacha/.pico-sdk/sdk/1.5.1/src/common/pico_util/pheap.c.obj
 .rodata.ph_remove_any_head.str1.4
                0x10005299       0xac CMakeFiles/picoboard_button.dir/C_/Users/ssacha/.pico-sdk/sdk/1.5.1/src/common/pico_util/pheap.c.obj
 .rodata.ph_remove_and_free_node.str1.4
                0x10005299       0x26 CMakeFiles/picoboard_button.dir/C_/Users/ssacha/.pico-sdk/sdk/1.5.1/src/common/pico_util/pheap.c.obj
 *fill*         0x10005299        0x3 
 .rodata.__func__.0
                0x1000529c       0x18 CMakeFiles/picoboard_button.dir/C_/Users/ssacha/.pico-sdk/sdk/1.5.1/src/common/pico_util/pheap.c.obj
 .rodata.__func__.1
                0x100052b4       0x13 CMakeFiles/picoboard_button.dir/C_/Users/ssacha/.pico-sdk/sdk/1.5.1/src/common/pico_util/pheap.c.obj
 *fill*         0x100052c7        0x1 
 .rodata.__func__.2
                0x100052c8       0x12 CMakeFiles/picoboard_button.dir/C_/Users/ssacha/.pico-sdk/sdk/1.5.1/src/common/pico_util/pheap.c.obj
 *fill*         0x100052da        0x2 
 .rodata.__func__.3
                0x100052dc        0xc CMakeFiles/picoboard_button.dir/C_/Users/ssacha/.pico-sdk/sdk/1.5.1/src/common/pico_util/pheap.c.obj
 .rodata.clock_configure.str1.4
                0x100052e8       0x60 CMakeFiles/picoboard_button.dir/C_/Users/ssacha/.pico-sdk/sdk/1.5.1/src/rp2_common/hardware_clocks/clocks.c.obj
 .rodata.__func__.1
                0x100052e8       0x10 CMakeFiles/picoboard_button.dir/C_/Users/ssacha/.pico-sdk/sdk/1.5.1/src/rp2_common/hardware_clocks/clocks.c.obj
 .rodata.pll_init.str1.4
                0x100052f8      0x12c CMakeFiles/picoboard_button.dir/C_/Users/ssacha/.pico-sdk/sdk/1.5.1/src/rp2_common/hardware_pll/pll.c.obj
 .rodata.__func__.0
                0x100052f8        0x9 CMakeFiles/picoboard_button.dir/C_/Users/ssacha/.pico-sdk/sdk/1.5.1/src/rp2_common/hardware_pll/pll.c.obj
 .rodata.__assert_func.str1.4
                0x10005301       0x43 CMakeFiles/picoboard_button.dir/C_/Users/ssacha/.pico-sdk/sdk/1.5.1/src/rp2_common/pico_runtime/runtime.c.obj
 .rodata.runtime_init.str1.4
                0x10005301       0x6a CMakeFiles/picoboard_button.dir/C_/Users/ssacha/.pico-sdk/sdk/1.5.1/src/rp2_common/pico_runtime/runtime.c.obj
 .rodata.panic.str1.4
                0x10005301       0x12 CMakeFiles/picoboard_button.dir/C_/Users/ssacha/.pico-sdk/sdk/1.5.1/src/rp2_common/pico_runtime/runtime.c.obj
 *fill*         0x10005301        0x3 
 .rodata.__func__.2
                0x10005304        0xd CMakeFiles/picoboard_button.dir/C_/Users/ssacha/.pico-sdk/sdk/1.5.1/src/rp2_common/pico_runtime/runtime.c.obj
 .rodata._ftoa.str1.4
                0x10005311       0x15 CMakeFiles/picoboard_button.dir/C_/Users/ssacha/.pico-sdk/sdk/1.5.1/src/rp2_common/pico_printf/printf.c.obj
 *fill*         0x10005311        0x3 
 .rodata._vsnprintf
                0x10005314      0x19c CMakeFiles/picoboard_button.dir/C_/Users/ssacha/.pico-sdk/sdk/1.5.1/src/rp2_common/pico_printf/printf.c.obj
 .rodata.pow10.0
                0x100054b0       0x50 CMakeFiles/picoboard_button.dir/C_/Users/ssacha/.pico-sdk/sdk/1.5.1/src/rp2_common/pico_printf/printf.c.obj
 .rodata.__aeabi_double_init.str1.4
                0x10005500       0xa5 CMakeFiles/picoboard_button.dir/C_/Users/ssacha/.pico-sdk/sdk/1.5.1/src/rp2_common/pico_double/double_init_rom.c.obj
 .rodata.__func__.0
                0x10005500       0x14 CMakeFiles/picoboard_button.dir/C_/Users/ssacha/.pico-sdk/sdk/1.5.1/src/rp2_common/pico_double/double_init_rom.c.obj
 .rodata.__aeabi_float_init.str1.4
                0x10005514       0x87 CMakeFiles/picoboard_button.dir/C_/Users/ssacha/.pico-sdk/sdk/1.5.1/src/rp2_common/pico_float/float_init_rom.c.obj
 .rodata.__func__.0
                0x10005514       0x13 CMakeFiles/picoboard_button.dir/C_/Users/ssacha/.pico-sdk/sdk/1.5.1/src/rp2_common/pico_float/float_init_rom.c.obj
 .rodata.str1.4
                0x10005527       0x48 CMakeFiles/picoboard_button.dir/C_/Users/ssacha/.pico-sdk/sdk/1.5.1/src/rp2_common/pico_standard_link/binary_info.c.obj
 *fill*         0x10005527        0x1 
 .rodata.__bi_81
                0x10005528        0xc CMakeFiles/picoboard_button.dir/C_/Users/ssacha/.pico-sdk/sdk/1.5.1/src/rp2_common/pico_standard_link/binary_info.c.obj
 .rodata.__bi_75
                0x10005534        0xc CMakeFiles/picoboard_button.dir/C_/Users/ssacha/.pico-sdk/sdk/1.5.1/src/rp2_common/pico_standard_link/binary_info.c.obj
 .rodata.__bi_44
                0x10005540        0xc CMakeFiles/picoboard_button.dir/C_/Users/ssacha/.pico-sdk/sdk/1.5.1/src/rp2_common/pico_standard_link/binary_info.c.obj
 .rodata.update_us_since_boot.str1.4
                0x1000554c       0x6a CMakeFiles/picoboard_button.dir/C_/Users/ssacha/.pico-sdk/sdk/1.5.1/src/rp2_common/pico_stdio/stdio.c.obj
 .rodata.crlf_str.2
                0x1000554c        0x2 CMakeFiles/picoboard_button.dir/C_/Users/ssacha/.pico-sdk/sdk/1.5.1/src/rp2_common/pico_stdio/stdio.c.obj
 *fill*         0x1000554e        0x2 
 .rodata.__func__.3
                0x10005550       0x15 CMakeFiles/picoboard_button.dir/C_/Users/ssacha/.pico-sdk/sdk/1.5.1/src/rp2_common/pico_stdio/stdio.c.obj
 .rodata.str1.4
                0x10005565       0x2c CMakeFiles/picoboard_button.dir/C_/Users/ssacha/.pico-sdk/sdk/1.5.1/src/rp2_common/pico_stdio_uart/stdio_uart.c.obj
 *fill*         0x10005565        0x3 
 .rodata.__bi_33.4
                0x10005568        0xc CMakeFiles/picoboard_button.dir/C_/Users/ssacha/.pico-sdk/sdk/1.5.1/src/rp2_common/pico_stdio_uart/stdio_uart.c.obj
 .rodata.__bi_34.5
                0x10005574        0x8 CMakeFiles/picoboard_button.dir/C_/Users/ssacha/.pico-sdk/sdk/1.5.1/src/rp2_common/pico_stdio_uart/stdio_uart.c.obj
                0x1000557c                        . = ALIGN (0x4)
 *(SORT_BY_ALIGNMENT(SORT_BY_NAME(.flashdata*)))
                0x1000557c                        . = ALIGN (0x4)

.ARM.extab
 *(.ARM.extab* .gnu.linkonce.armextab.*)
                0x1000557c                        __exidx_start = .

.ARM.exidx
 *(.ARM.exidx* .gnu.linkonce.armexidx.*)
                0x1000557c                        __exidx_end = .
                0x1000557c                        . = ALIGN (0x4)
                0x1000557c                        __binary_info_start = .

.binary_info    0x1000557c       0x24
 *(.binary_info.keep.*)
 .binary_info.keep.__bi_ptr81
                0x1000557c        0x4 CMakeFiles/picoboard_button.dir/C_/Users/ssacha/.pico-sdk/sdk/1.5.1/src/rp2_common/pico_standard_link/binary_info.c.obj
 .binary_info.keep.__bi_ptr75
                0x10005580        0x4 CMakeFiles/picoboard_button.dir/C_/Users/ssacha/.pico-sdk/sdk/1.5.1/src/rp2_common/pico_standard_link/binary_info.c.obj
 .binary_info.keep.__bi_ptr50
                0x10005584        0x4 CMakeFiles/picoboard_button.dir/C_/Users/ssacha/.pico-sdk/sdk/1.5.1/src/rp2_common/pico_standard_link/binary_info.c.obj
 .binary_info.keep.__bi_ptr44
                0x10005588        0x4 CMakeFiles/picoboard_button.dir/C_/Users/ssacha/.pico-sdk/sdk/1.5.1/src/rp2_common/pico_standard_link/binary_info.c.obj
 .binary_info.keep.__bi_ptr38
                0x1000558c        0x4 CMakeFiles/picoboard_button.dir/C_/Users/ssacha/.pico-sdk/sdk/1.5.1/src/rp2_common/pico_standard_link/binary_info.c.obj
 .binary_info.keep.__bi_ptr30
                0x10005590        0x4 CMakeFiles/picoboard_button.dir/C_/Users/ssacha/.pico-sdk/sdk/1.5.1/src/rp2_common/pico_standard_link/binary_info.c.obj
 .binary_info.keep.__bi_ptr22
                0x10005594        0x4 CMakeFiles/picoboard_button.dir/C_/Users/ssacha/.pico-sdk/sdk/1.5.1/src/rp2_common/pico_standard_link/binary_info.c.obj
 *(.binary_info.*)
 .binary_info.__bi_ptr34
                0x10005598        0x4 CMakeFiles/picoboard_button.dir/C_/Users/ssacha/.pico-sdk/sdk/1.5.1/src/rp2_common/pico_stdio_uart/stdio_uart.c.obj
 .binary_info.__bi_ptr33
                0x1000559c        0x4 CMakeFiles/picoboard_button.dir/C_/Users/ssacha/.pico-sdk/sdk/1.5.1/src/rp2_common/pico_stdio_uart/stdio_uart.c.obj
                0x100055a0                        __binary_info_end = .

.rel.dyn        0x100055a0        0x0
 .rel.iplt      0x100055a0        0x0 C:/Users/ssacha/.pico-sdk/toolchain/13_2_Rel1/bin/../lib/gcc/arm-none-eabi/13.2.1/thumb/v6-m/nofp/crtbegin.o
                0x100055a0                        . = ALIGN (0x4)

.ram_vector_table
                0x20000000       0xc0
 *(.ram_vector_table)
 .ram_vector_table
                0x20000000       0xc0 CMakeFiles/picoboard_button.dir/C_/Users/ssacha/.pico-sdk/sdk/1.5.1/src/rp2_common/pico_runtime/runtime.c.obj
                0x20000000                ram_vector_table

.data           0x200000c0      0x244 load address 0x100055a0
                0x200000c0                        __data_start__ = .
 *(vtable)
 *(.time_critical*)
 .time_critical.mutex_try_enter
                0x200000c0       0x46 CMakeFiles/picoboard_button.dir/C_/Users/ssacha/.pico-sdk/sdk/1.5.1/src/common/pico_sync/mutex.c.obj
                0x200000c0                mutex_try_enter
 *fill*         0x20000106        0x2 
 .time_critical.mutex_enter_block_until
                0x20000108       0x8c CMakeFiles/picoboard_button.dir/C_/Users/ssacha/.pico-sdk/sdk/1.5.1/src/common/pico_sync/mutex.c.obj
                0x20000108                mutex_enter_block_until
 .time_critical.mutex_try_enter_block_until
                0x20000194       0x34 CMakeFiles/picoboard_button.dir/C_/Users/ssacha/.pico-sdk/sdk/1.5.1/src/common/pico_sync/mutex.c.obj
                0x20000194                mutex_try_enter_block_until
 .time_critical.mutex_exit
                0x200001c8       0x4c CMakeFiles/picoboard_button.dir/C_/Users/ssacha/.pico-sdk/sdk/1.5.1/src/common/pico_sync/mutex.c.obj
                0x200001c8                mutex_exit
 *(.text*)
 .text          0x20000214        0x4 C:/Users/ssacha/.pico-sdk/toolchain/13_2_Rel1/bin/../lib/gcc/arm-none-eabi/13.2.1/thumb/v6-m/nofp\libgcc.a(_dvmd_tls.o)
                0x20000214                __aeabi_idiv0
                0x20000214                __aeabi_ldiv0
 .text.__stub   0x20000218       0x20 linker stubs
                0x20000238                        . = ALIGN (0x4)
 *(.rodata*)
                0x20000238                        . = ALIGN (0x4)
 *(.data*)
 .data.striped_spin_lock_num
                0x20000238        0x1 CMakeFiles/picoboard_button.dir/C_/Users/ssacha/.pico-sdk/sdk/1.5.1/src/rp2_common/hardware_sync/sync.c.obj
 *fill*         0x20000239        0x3 
 .data          0x2000023c       0x48 CMakeFiles/picoboard_button.dir/C_/Users/ssacha/.pico-sdk/sdk/1.5.1/src/rp2_common/hardware_irq/irq_handler_chain.S.obj
                0x2000023c                irq_handler_chain_slots
                0x2000026c                irq_handler_chain_first_slot
                0x20000276                irq_handler_chain_remove_tail
 .data.default_alarm_pool
                0x20000284       0x18 CMakeFiles/picoboard_button.dir/C_/Users/ssacha/.pico-sdk/sdk/1.5.1/src/common/pico_time/time.c.obj
 .data.default_alarm_pool_heap
                0x2000029c       0x10 CMakeFiles/picoboard_button.dir/C_/Users/ssacha/.pico-sdk/sdk/1.5.1/src/common/pico_time/time.c.obj
 *fill*         0x200002ac        0x4 
 .data.aeabi_bits_funcs
                0x200002b0       0x10 CMakeFiles/picoboard_button.dir/C_/Users/ssacha/.pico-sdk/sdk/1.5.1/src/rp2_common/pico_bit_ops/bit_ops_aeabi.S.obj
                0x200002b0                aeabi_bits_funcs
                0x200002c0                aeabi_bits_funcs_end
 .data.aeabi_mem_funcs
                0x200002c0       0x10 CMakeFiles/picoboard_button.dir/C_/Users/ssacha/.pico-sdk/sdk/1.5.1/src/rp2_common/pico_mem_ops/mem_ops_aeabi.S.obj
                0x200002c0                aeabi_mem_funcs
                0x200002d0                aeabi_mem_funcs_end
 .data.stdio_uart
                0x200002d0       0x18 CMakeFiles/picoboard_button.dir/C_/Users/ssacha/.pico-sdk/sdk/1.5.1/src/rp2_common/pico_stdio_uart/stdio_uart.c.obj
                0x200002d0                stdio_uart
                0x200002e8                        . = ALIGN (0x4)
 *(.after_data.*)
                0x200002e8                        . = ALIGN (0x4)
                0x200002e8                        PROVIDE (__mutex_array_start = .)
 *(SORT_BY_NAME(.mutex_array.*))
 *(.mutex_array)
 .mutex_array   0x200002e8        0x8 CMakeFiles/picoboard_button.dir/C_/Users/ssacha/.pico-sdk/sdk/1.5.1/src/rp2_common/pico_stdio/stdio.c.obj
                0x200002f0                        PROVIDE (__mutex_array_end = .)
                0x200002f0                        . = ALIGN (0x4)
                0x200002f0                        PROVIDE (__preinit_array_start = .)
 *(SORT_BY_NAME(.preinit_array.*))
 .preinit_array.00001
                0x200002f0        0x4 CMakeFiles/picoboard_button.dir/C_/Users/ssacha/.pico-sdk/sdk/1.5.1/src/rp2_common/pico_mem_ops/mem_ops_aeabi.S.obj
 .preinit_array.00010
                0x200002f4        0x4 CMakeFiles/picoboard_button.dir/C_/Users/ssacha/.pico-sdk/sdk/1.5.1/src/rp2_common/pico_bit_ops/bit_ops_aeabi.S.obj
 .preinit_array.00020
                0x200002f8        0x4 CMakeFiles/picoboard_button.dir/C_/Users/ssacha/.pico-sdk/sdk/1.5.1/src/rp2_common/pico_double/double_aeabi.S.obj
 .preinit_array.00020
                0x200002fc        0x4 CMakeFiles/picoboard_button.dir/C_/Users/ssacha/.pico-sdk/sdk/1.5.1/src/rp2_common/pico_float/float_aeabi.S.obj
 *(.preinit_array)
                0x20000300                        PROVIDE (__preinit_array_end = .)
                0x20000300                        . = ALIGN (0x4)
                0x20000300                        PROVIDE (__init_array_start = .)
 *(SORT_BY_NAME(.init_array.*))
 *(.init_array)
 .init_array    0x20000300        0x4 C:/Users/ssacha/.pico-sdk/toolchain/13_2_Rel1/bin/../lib/gcc/arm-none-eabi/13.2.1/thumb/v6-m/nofp/crtbegin.o
                0x20000304                        PROVIDE (__init_array_end = .)
                0x20000304                        . = ALIGN (0x4)
                [!provide]                        PROVIDE (__fini_array_start = .)
 *(SORT_BY_NAME(.fini_array.*))
 *(.fini_array)
                [!provide]                        PROVIDE (__fini_array_end = .)
 *(.jcr)
                0x20000304                        . = ALIGN (0x4)
                0x20000304                        __data_end__ = .
                0x100055a0                        __etext = LOADADDR (.data)

.tm_clone_table
                0x20000304        0x0 load address 0x100057e4
 .tm_clone_table
                0x20000304        0x0 C:/Users/ssacha/.pico-sdk/toolchain/13_2_Rel1/bin/../lib/gcc/arm-none-eabi/13.2.1/thumb/v6-m/nofp/crtbegin.o
 .tm_clone_table
                0x20000304        0x0 C:/Users/ssacha/.pico-sdk/toolchain/13_2_Rel1/bin/../lib/gcc/arm-none-eabi/13.2.1/thumb/v6-m/nofp/crtend.o

.igot.plt       0x20000304        0x0 load address 0x100057e4
 .igot.plt      0x20000304        0x0 C:/Users/ssacha/.pico-sdk/toolchain/13_2_Rel1/bin/../lib/gcc/arm-none-eabi/13.2.1/thumb/v6-m/nofp/crtbegin.o

.uninitialized_data
                0x20000304        0x0 load address 0x100057e4
                0x20000304                        . = ALIGN (0x4)
 *(.uninitialized_data*)

.scratch_x      0x20040000        0x0 load address 0x100057e4
                0x20040000                        __scratch_x_start__ = .
 *(.scratch_x.*)
                0x20040000                        . = ALIGN (0x4)
                0x20040000                        __scratch_x_end__ = .
                0x100057e4                        __scratch_x_source__ = LOADADDR (.scratch_x)

.scratch_y      0x20041000        0x0 load address 0x100057e4
                0x20041000                        __scratch_y_start__ = .
 *(.scratch_y.*)
                0x20041000                        . = ALIGN (0x4)
                0x20041000                        __scratch_y_end__ = .
                0x100057e4                        __scratch_y_source__ = LOADADDR (.scratch_y)

.bss            0x20000308      0x3d4
                0x20000308                        . = ALIGN (0x4)
                0x20000308                        __bss_start__ = .
 *(SORT_BY_ALIGNMENT(SORT_BY_NAME(.bss*)))
 .bss.default_alarm_pool_entries
                0x20000308      0x100 CMakeFiles/picoboard_button.dir/C_/Users/ssacha/.pico-sdk/sdk/1.5.1/src/common/pico_time/time.c.obj
 .bss.alarm_callbacks
                0x20000408       0x10 CMakeFiles/picoboard_button.dir/C_/Users/ssacha/.pico-sdk/sdk/1.5.1/src/rp2_common/hardware_timer/timer.c.obj
 .bss.chars_available_callback
                0x20000418        0x4 CMakeFiles/picoboard_button.dir/C_/Users/ssacha/.pico-sdk/sdk/1.5.1/src/rp2_common/pico_stdio_uart/stdio_uart.c.obj
 .bss.chars_available_param
                0x2000041c        0x4 CMakeFiles/picoboard_button.dir/C_/Users/ssacha/.pico-sdk/sdk/1.5.1/src/rp2_common/pico_stdio_uart/stdio_uart.c.obj
 .bss.configured_freq
                0x20000420       0x28 CMakeFiles/picoboard_button.dir/C_/Users/ssacha/.pico-sdk/sdk/1.5.1/src/rp2_common/hardware_clocks/clocks.c.obj
 .bss.default_alarm_pool_entry_ids_high
                0x20000448       0x10 CMakeFiles/picoboard_button.dir/C_/Users/ssacha/.pico-sdk/sdk/1.5.1/src/common/pico_time/time.c.obj
 .bss.default_alarm_pool_heap_nodes
                0x20000458       0x30 CMakeFiles/picoboard_button.dir/C_/Users/ssacha/.pico-sdk/sdk/1.5.1/src/common/pico_time/time.c.obj
 .bss.drivers   0x20000488        0x4 CMakeFiles/picoboard_button.dir/C_/Users/ssacha/.pico-sdk/sdk/1.5.1/src/rp2_common/pico_stdio/stdio.c.obj
 .bss.filter    0x2000048c        0x4 CMakeFiles/picoboard_button.dir/C_/Users/ssacha/.pico-sdk/sdk/1.5.1/src/rp2_common/pico_stdio/stdio.c.obj
 .bss.object.0  0x20000490       0x18 C:/Users/ssacha/.pico-sdk/toolchain/13_2_Rel1/bin/../lib/gcc/arm-none-eabi/13.2.1/thumb/v6-m/nofp/crtbegin.o
 .bss.pools     0x200004a8       0x10 CMakeFiles/picoboard_button.dir/C_/Users/ssacha/.pico-sdk/sdk/1.5.1/src/common/pico_time/time.c.obj
 .bss.sd_table  0x200004b8      0x100 CMakeFiles/picoboard_button.dir/C_/Users/ssacha/.pico-sdk/sdk/1.5.1/src/rp2_common/pico_double/double_init_rom.c.obj
                0x200004b8                sd_table
 .bss.sf_clz_func
                0x200005b8        0x4 CMakeFiles/picoboard_button.dir/C_/Users/ssacha/.pico-sdk/sdk/1.5.1/src/rp2_common/pico_double/double_init_rom.c.obj
                0x200005b8                sf_clz_func
 .bss.sf_table  0x200005bc      0x100 CMakeFiles/picoboard_button.dir/C_/Users/ssacha/.pico-sdk/sdk/1.5.1/src/rp2_common/pico_float/float_init_rom.c.obj
                0x200005bc                sf_table
 .bss.sleep_notifier
                0x200006bc        0x4 CMakeFiles/picoboard_button.dir/C_/Users/ssacha/.pico-sdk/sdk/1.5.1/src/common/pico_time/time.c.obj
 .bss.target_hi
                0x200006c0       0x10 CMakeFiles/picoboard_button.dir/C_/Users/ssacha/.pico-sdk/sdk/1.5.1/src/rp2_common/hardware_timer/timer.c.obj
 .bss.uart_char_to_line_feed
                0x200006d0        0x4 CMakeFiles/picoboard_button.dir/C_/Users/ssacha/.pico-sdk/sdk/1.5.1/src/rp2_common/hardware_uart/uart.c.obj
                0x200006d0                uart_char_to_line_feed
 .bss.uart_instance
                0x200006d4        0x4 CMakeFiles/picoboard_button.dir/C_/Users/ssacha/.pico-sdk/sdk/1.5.1/src/rp2_common/pico_stdio_uart/stdio_uart.c.obj
 .bss.claimed   0x200006d8        0x1 CMakeFiles/picoboard_button.dir/C_/Users/ssacha/.pico-sdk/sdk/1.5.1/src/rp2_common/hardware_timer/timer.c.obj
 .bss.irq_hander_chain_free_slot_head
                0x200006d9        0x1 CMakeFiles/picoboard_button.dir/C_/Users/ssacha/.pico-sdk/sdk/1.5.1/src/rp2_common/hardware_irq/irq.c.obj
 .bss.timer_callbacks_pending
                0x200006da        0x1 CMakeFiles/picoboard_button.dir/C_/Users/ssacha/.pico-sdk/sdk/1.5.1/src/rp2_common/hardware_timer/timer.c.obj
 *(COMMON)
                0x200006dc                        . = ALIGN (0x4)
 *fill*         0x200006db        0x1 
                0x200006dc                        __bss_end__ = .

.heap           0x200006dc      0x800
                0x200006dc                        __end__ = .
                0x200006dc                        end = __end__
 *(.heap*)
 .heap          0x200006dc      0x800 CMakeFiles/picoboard_button.dir/C_/Users/ssacha/.pico-sdk/sdk/1.5.1/src/rp2_common/pico_standard_link/crt0.S.obj
                0x20000edc                        __HeapLimit = .

.stack1_dummy
 *(.stack1*)

.stack_dummy    0x20041000      0x800
 *(.stack*)
 .stack         0x20041000      0x800 CMakeFiles/picoboard_button.dir/C_/Users/ssacha/.pico-sdk/sdk/1.5.1/src/rp2_common/pico_standard_link/crt0.S.obj

.flash_end      0x100057e4        0x0
                0x100057e4                        PROVIDE (__flash_binary_end = .)
                0x20040000                        __StackLimit = (ORIGIN (RAM) + LENGTH (RAM))
                0x20041000                        __StackOneTop = (ORIGIN (SCRATCH_X) + LENGTH (SCRATCH_X))
                0x20042000                        __StackTop = (ORIGIN (SCRATCH_Y) + LENGTH (SCRATCH_Y))
                0x20041000                        __StackOneBottom = (__StackOneTop - SIZEOF (.stack1_dummy))
                0x20041800                        __StackBottom = (__StackTop - SIZEOF (.stack_dummy))
                0x20042000                        PROVIDE (__stack = __StackTop)
                0x00000001                        ASSERT ((__StackLimit >= __HeapLimit), region RAM overflowed)
                0x00000001                        ASSERT (((__binary_info_header_end - __logical_binary_start) <= 0x100), Binary info must be in first 256 bytes of the binary)
LOAD CMakeFiles/picoboard_button.dir/button.c.obj
LOAD CMakeFiles/picoboard_button.dir/C_/Users/ssacha/.pico-sdk/sdk/1.5.1/src/rp2_common/pico_stdlib/stdlib.c.obj
LOAD CMakeFiles/picoboard_button.dir/C_/Users/ssacha/.pico-sdk/sdk/1.5.1/src/rp2_common/hardware_gpio/gpio.c.obj
LOAD CMakeFiles/picoboard_button.dir/C_/Users/ssacha/.pico-sdk/sdk/1.5.1/src/rp2_common/pico_platform/platform.c.obj
LOAD CMakeFiles/picoboard_button.dir/C_/Users/ssacha/.pico-sdk/sdk/1.5.1/src/rp2_common/hardware_claim/claim.c.obj
LOAD CMakeFiles/picoboard_button.dir/C_/Users/ssacha/.pico-sdk/sdk/1.5.1/src/rp2_common/hardware_sync/sync.c.obj
LOAD CMakeFiles/picoboard_button.dir/C_/Users/ssacha/.pico-sdk/sdk/1.5.1/src/rp2_common/hardware_irq/irq.c.obj
LOAD CMakeFiles/picoboard_button.dir/C_/Users/ssacha/.pico-sdk/sdk/1.5.1/src/rp2_common/hardware_irq/irq_handler_chain.S.obj
LOAD CMakeFiles/picoboard_button.dir/C_/Users/ssacha/.pico-sdk/sdk/1.5.1/src/common/pico_sync/sem.c.obj
LOAD CMakeFiles/picoboard_button.dir/C_/Users/ssacha/.pico-sdk/sdk/1.5.1/src/common/pico_sync/lock_core.c.obj
LOAD CMakeFiles/picoboard_button.dir/C_/Users/ssacha/.pico-sdk/sdk/1.5.1/src/common/pico_sync/mutex.c.obj
LOAD CMakeFiles/picoboard_button.dir/C_/Users/ssacha/.pico-sdk/sdk/1.5.1/src/common/pico_sync/critical_section.c.obj
LOAD CMakeFiles/picoboard_button.dir/C_/Users/ssacha/.pico-sdk/sdk/1.5.1/src/common/pico_time/time.c.obj
LOAD CMakeFiles/picoboard_button.dir/C_/Users/ssacha/.pico-sdk/sdk/1.5.1/src/common/pico_time/timeout_helper.c.obj
LOAD CMakeFiles/picoboard_button.dir/C_/Users/ssacha/.pico-sdk/sdk/1.5.1/src/rp2_common/hardware_timer/timer.c.obj
LOAD CMakeFiles/picoboard_button.dir/C_/Users/ssacha/.pico-sdk/sdk/1.5.1/src/common/pico_util/datetime.c.obj
LOAD CMakeFiles/picoboard_button.dir/C_/Users/ssacha/.pico-sdk/sdk/1.5.1/src/common/pico_util/pheap.c.obj
LOAD CMakeFiles/picoboard_button.dir/C_/Users/ssacha/.pico-sdk/sdk/1.5.1/src/common/pico_util/queue.c.obj
LOAD CMakeFiles/picoboard_button.dir/C_/Users/ssacha/.pico-sdk/sdk/1.5.1/src/rp2_common/hardware_uart/uart.c.obj
LOAD CMakeFiles/picoboard_button.dir/C_/Users/ssacha/.pico-sdk/sdk/1.5.1/src/rp2_common/hardware_clocks/clocks.c.obj
LOAD CMakeFiles/picoboard_button.dir/C_/Users/ssacha/.pico-sdk/sdk/1.5.1/src/rp2_common/hardware_pll/pll.c.obj
LOAD CMakeFiles/picoboard_button.dir/C_/Users/ssacha/.pico-sdk/sdk/1.5.1/src/rp2_common/hardware_vreg/vreg.c.obj
LOAD CMakeFiles/picoboard_button.dir/C_/Users/ssacha/.pico-sdk/sdk/1.5.1/src/rp2_common/hardware_watchdog/watchdog.c.obj
LOAD CMakeFiles/picoboard_button.dir/C_/Users/ssacha/.pico-sdk/sdk/1.5.1/src/rp2_common/hardware_xosc/xosc.c.obj
LOAD CMakeFiles/picoboard_button.dir/C_/Users/ssacha/.pico-sdk/sdk/1.5.1/src/rp2_common/hardware_divider/divider.S.obj
LOAD CMakeFiles/picoboard_button.dir/C_/Users/ssacha/.pico-sdk/sdk/1.5.1/src/rp2_common/pico_runtime/runtime.c.obj
LOAD CMakeFiles/picoboard_button.dir/C_/Users/ssacha/.pico-sdk/sdk/1.5.1/src/rp2_common/pico_printf/printf.c.obj
LOAD CMakeFiles/picoboard_button.dir/C_/Users/ssacha/.pico-sdk/sdk/1.5.1/src/rp2_common/pico_bit_ops/bit_ops_aeabi.S.obj
LOAD CMakeFiles/picoboard_button.dir/C_/Users/ssacha/.pico-sdk/sdk/1.5.1/src/rp2_common/pico_bootrom/bootrom.c.obj
LOAD CMakeFiles/picoboard_button.dir/C_/Users/ssacha/.pico-sdk/sdk/1.5.1/src/rp2_common/pico_divider/divider.S.obj
LOAD CMakeFiles/picoboard_button.dir/C_/Users/ssacha/.pico-sdk/sdk/1.5.1/src/rp2_common/pico_double/double_aeabi.S.obj
LOAD CMakeFiles/picoboard_button.dir/C_/Users/ssacha/.pico-sdk/sdk/1.5.1/src/rp2_common/pico_double/double_init_rom.c.obj
LOAD CMakeFiles/picoboard_button.dir/C_/Users/ssacha/.pico-sdk/sdk/1.5.1/src/rp2_common/pico_double/double_math.c.obj
LOAD CMakeFiles/picoboard_button.dir/C_/Users/ssacha/.pico-sdk/sdk/1.5.1/src/rp2_common/pico_double/double_v1_rom_shim.S.obj
LOAD CMakeFiles/picoboard_button.dir/C_/Users/ssacha/.pico-sdk/sdk/1.5.1/src/rp2_common/pico_int64_ops/pico_int64_ops_aeabi.S.obj
LOAD CMakeFiles/picoboard_button.dir/C_/Users/ssacha/.pico-sdk/sdk/1.5.1/src/rp2_common/pico_float/float_aeabi.S.obj
LOAD CMakeFiles/picoboard_button.dir/C_/Users/ssacha/.pico-sdk/sdk/1.5.1/src/rp2_common/pico_float/float_init_rom.c.obj
LOAD CMakeFiles/picoboard_button.dir/C_/Users/ssacha/.pico-sdk/sdk/1.5.1/src/rp2_common/pico_float/float_math.c.obj
LOAD CMakeFiles/picoboard_button.dir/C_/Users/ssacha/.pico-sdk/sdk/1.5.1/src/rp2_common/pico_float/float_v1_rom_shim.S.obj
LOAD CMakeFiles/picoboard_button.dir/C_/Users/ssacha/.pico-sdk/sdk/1.5.1/src/rp2_common/pico_malloc/pico_malloc.c.obj
LOAD CMakeFiles/picoboard_button.dir/C_/Users/ssacha/.pico-sdk/sdk/1.5.1/src/rp2_common/pico_mem_ops/mem_ops_aeabi.S.obj
LOAD CMakeFiles/picoboard_button.dir/C_/Users/ssacha/.pico-sdk/sdk/1.5.1/src/rp2_common/pico_standard_link/crt0.S.obj
LOAD CMakeFiles/picoboard_button.dir/C_/Users/ssacha/.pico-sdk/sdk/1.5.1/src/rp2_common/pico_standard_link/new_delete.cpp.obj
LOAD CMakeFiles/picoboard_button.dir/C_/Users/ssacha/.pico-sdk/sdk/1.5.1/src/rp2_common/pico_standard_link/binary_info.c.obj
LOAD CMakeFiles/picoboard_button.dir/C_/Users/ssacha/.pico-sdk/sdk/1.5.1/src/rp2_common/pico_stdio/stdio.c.obj
LOAD CMakeFiles/picoboard_button.dir/C_/Users/ssacha/.pico-sdk/sdk/1.5.1/src/rp2_common/pico_stdio_uart/stdio_uart.c.obj
LOAD C:\Users\ssacha\AppData\Local\Temp\ccKQSL88.o
LOAD C:/Users/ssacha/.pico-sdk/toolchain/13_2_Rel1/bin/../lib/gcc/arm-none-eabi/13.2.1/thumb/v6-m/nofp\libstdc++.a
LOAD C:/Users/ssacha/.pico-sdk/toolchain/13_2_Rel1/bin/../lib/gcc/arm-none-eabi/13.2.1/thumb/v6-m/nofp\libm.a
START GROUP
LOAD C:/Users/ssacha/.pico-sdk/toolchain/13_2_Rel1/bin/../lib/gcc/arm-none-eabi/13.2.1/thumb/v6-m/nofp\libgcc.a
LOAD C:/Users/ssacha/.pico-sdk/toolchain/13_2_Rel1/bin/../lib/gcc/arm-none-eabi/13.2.1/thumb/v6-m/nofp\libg.a
LOAD C:/Users/ssacha/.pico-sdk/toolchain/13_2_Rel1/bin/../lib/gcc/arm-none-eabi/13.2.1/thumb/v6-m/nofp\libc.a
END GROUP
START GROUP
LOAD C:/Users/ssacha/.pico-sdk/toolchain/13_2_Rel1/bin/../lib/gcc/arm-none-eabi/13.2.1/thumb/v6-m/nofp\libgcc.a
LOAD C:/Users/ssacha/.pico-sdk/toolchain/13_2_Rel1/bin/../lib/gcc/arm-none-eabi/13.2.1/thumb/v6-m/nofp\libc.a
LOAD C:/Users/ssacha/.pico-sdk/toolchain/13_2_Rel1/bin/../lib/gcc/arm-none-eabi/13.2.1/thumb/v6-m/nofp\libnosys.a
END GROUP
LOAD C:/Users/ssacha/.pico-sdk/toolchain/13_2_Rel1/bin/../lib/gcc/arm-none-eabi/13.2.1/thumb/v6-m/nofp/crtend.o
LOAD C:/Users/ssacha/.pico-sdk/toolchain/13_2_Rel1/bin/../lib/gcc/arm-none-eabi/13.2.1/thumb/v6-m/nofp/crtn.o
OUTPUT(picoboard_button.elf elf32-littlearm)
LOAD linker stubs

.ARM.attributes
                0x00000000       0x28
 .ARM.attributes
                0x00000000       0x1e C:/Users/ssacha/.pico-sdk/toolchain/13_2_Rel1/bin/../lib/gcc/arm-none-eabi/13.2.1/thumb/v6-m/nofp/crti.o
 .ARM.attributes
                0x0000001e       0x2c C:/Users/ssacha/.pico-sdk/toolchain/13_2_Rel1/bin/../lib/gcc/arm-none-eabi/13.2.1/thumb/v6-m/nofp/crtbegin.o
 .ARM.attributes
                0x0000004a       0x2c CMakeFiles/picoboard_button.dir/button.c.obj
 .ARM.attributes
                0x00000076       0x2c CMakeFiles/picoboard_button.dir/C_/Users/ssacha/.pico-sdk/sdk/1.5.1/src/rp2_common/hardware_gpio/gpio.c.obj
 .ARM.attributes
                0x000000a2       0x2c CMakeFiles/picoboard_button.dir/C_/Users/ssacha/.pico-sdk/sdk/1.5.1/src/rp2_common/pico_platform/platform.c.obj
 .ARM.attributes
                0x000000ce       0x2c CMakeFiles/picoboard_button.dir/C_/Users/ssacha/.pico-sdk/sdk/1.5.1/src/rp2_common/hardware_claim/claim.c.obj
 .ARM.attributes
                0x000000fa       0x2c CMakeFiles/picoboard_button.dir/C_/Users/ssacha/.pico-sdk/sdk/1.5.1/src/rp2_common/hardware_sync/sync.c.obj
 .ARM.attributes
                0x00000126       0x2c CMakeFiles/picoboard_button.dir/C_/Users/ssacha/.pico-sdk/sdk/1.5.1/src/rp2_common/hardware_irq/irq.c.obj
 .ARM.attributes
                0x00000152       0x22 CMakeFiles/picoboard_button.dir/C_/Users/ssacha/.pico-sdk/sdk/1.5.1/src/rp2_common/hardware_irq/irq_handler_chain.S.obj
 .ARM.attributes
                0x00000174       0x2c CMakeFiles/picoboard_button.dir/C_/Users/ssacha/.pico-sdk/sdk/1.5.1/src/common/pico_sync/lock_core.c.obj
 .ARM.attributes
                0x000001a0       0x2c CMakeFiles/picoboard_button.dir/C_/Users/ssacha/.pico-sdk/sdk/1.5.1/src/common/pico_sync/mutex.c.obj
 .ARM.attributes
                0x000001cc       0x2c CMakeFiles/picoboard_button.dir/C_/Users/ssacha/.pico-sdk/sdk/1.5.1/src/common/pico_time/time.c.obj
 .ARM.attributes
                0x000001f8       0x2c CMakeFiles/picoboard_button.dir/C_/Users/ssacha/.pico-sdk/sdk/1.5.1/src/rp2_common/hardware_timer/timer.c.obj
 .ARM.attributes
                0x00000224       0x2c CMakeFiles/picoboard_button.dir/C_/Users/ssacha/.pico-sdk/sdk/1.5.1/src/common/pico_util/pheap.c.obj
 .ARM.attributes
                0x00000250       0x2c CMakeFiles/picoboard_button.dir/C_/Users/ssacha/.pico-sdk/sdk/1.5.1/src/rp2_common/hardware_uart/uart.c.obj
 .ARM.attributes
                0x0000027c       0x2c CMakeFiles/picoboard_button.dir/C_/Users/ssacha/.pico-sdk/sdk/1.5.1/src/rp2_common/hardware_clocks/clocks.c.obj
 .ARM.attributes
                0x000002a8       0x2c CMakeFiles/picoboard_button.dir/C_/Users/ssacha/.pico-sdk/sdk/1.5.1/src/rp2_common/hardware_pll/pll.c.obj
 .ARM.attributes
                0x000002d4       0x2c CMakeFiles/picoboard_button.dir/C_/Users/ssacha/.pico-sdk/sdk/1.5.1/src/rp2_common/hardware_watchdog/watchdog.c.obj
 .ARM.attributes
                0x00000300       0x2c CMakeFiles/picoboard_button.dir/C_/Users/ssacha/.pico-sdk/sdk/1.5.1/src/rp2_common/hardware_xosc/xosc.c.obj
 .ARM.attributes
                0x0000032c       0x2c CMakeFiles/picoboard_button.dir/C_/Users/ssacha/.pico-sdk/sdk/1.5.1/src/rp2_common/pico_runtime/runtime.c.obj
 .ARM.attributes
                0x00000358       0x2c CMakeFiles/picoboard_button.dir/C_/Users/ssacha/.pico-sdk/sdk/1.5.1/src/rp2_common/pico_printf/printf.c.obj
 .ARM.attributes
                0x00000384       0x22 CMakeFiles/picoboard_button.dir/C_/Users/ssacha/.pico-sdk/sdk/1.5.1/src/rp2_common/pico_bit_ops/bit_ops_aeabi.S.obj
 .ARM.attributes
                0x000003a6       0x2c CMakeFiles/picoboard_button.dir/C_/Users/ssacha/.pico-sdk/sdk/1.5.1/src/rp2_common/pico_bootrom/bootrom.c.obj
 .ARM.attributes
                0x000003d2       0x22 CMakeFiles/picoboard_button.dir/C_/Users/ssacha/.pico-sdk/sdk/1.5.1/src/rp2_common/pico_divider/divider.S.obj
 .ARM.attributes
                0x000003f4       0x22 CMakeFiles/picoboard_button.dir/C_/Users/ssacha/.pico-sdk/sdk/1.5.1/src/rp2_common/pico_double/double_aeabi.S.obj
 .ARM.attributes
                0x00000416       0x2c CMakeFiles/picoboard_button.dir/C_/Users/ssacha/.pico-sdk/sdk/1.5.1/src/rp2_common/pico_double/double_init_rom.c.obj
 .ARM.attributes
                0x00000442       0x22 CMakeFiles/picoboard_button.dir/C_/Users/ssacha/.pico-sdk/sdk/1.5.1/src/rp2_common/pico_double/double_v1_rom_shim.S.obj
 .ARM.attributes
                0x00000464       0x22 CMakeFiles/picoboard_button.dir/C_/Users/ssacha/.pico-sdk/sdk/1.5.1/src/rp2_common/pico_int64_ops/pico_int64_ops_aeabi.S.obj
 .ARM.attributes
                0x00000486       0x22 CMakeFiles/picoboard_button.dir/C_/Users/ssacha/.pico-sdk/sdk/1.5.1/src/rp2_common/pico_float/float_aeabi.S.obj
 .ARM.attributes
                0x000004a8       0x2c CMakeFiles/picoboard_button.dir/C_/Users/ssacha/.pico-sdk/sdk/1.5.1/src/rp2_common/pico_float/float_init_rom.c.obj
 .ARM.attributes
                0x000004d4       0x22 CMakeFiles/picoboard_button.dir/C_/Users/ssacha/.pico-sdk/sdk/1.5.1/src/rp2_common/pico_float/float_v1_rom_shim.S.obj
 .ARM.attributes
                0x000004f6       0x22 CMakeFiles/picoboard_button.dir/C_/Users/ssacha/.pico-sdk/sdk/1.5.1/src/rp2_common/pico_mem_ops/mem_ops_aeabi.S.obj
 .ARM.attributes
                0x00000518       0x22 CMakeFiles/picoboard_button.dir/C_/Users/ssacha/.pico-sdk/sdk/1.5.1/src/rp2_common/pico_standard_link/crt0.S.obj
 .ARM.attributes
                0x0000053a       0x2c CMakeFiles/picoboard_button.dir/C_/Users/ssacha/.pico-sdk/sdk/1.5.1/src/rp2_common/pico_standard_link/binary_info.c.obj
 .ARM.attributes
                0x00000566       0x2c CMakeFiles/picoboard_button.dir/C_/Users/ssacha/.pico-sdk/sdk/1.5.1/src/rp2_common/pico_stdio/stdio.c.obj
 .ARM.attributes
                0x00000592       0x2c CMakeFiles/picoboard_button.dir/C_/Users/ssacha/.pico-sdk/sdk/1.5.1/src/rp2_common/pico_stdio_uart/stdio_uart.c.obj
 .ARM.attributes
                0x000005be       0x22 C:\Users\ssacha\AppData\Local\Temp\ccKQSL88.o
 .ARM.attributes
                0x000005e0       0x1e C:/Users/ssacha/.pico-sdk/toolchain/13_2_Rel1/bin/../lib/gcc/arm-none-eabi/13.2.1/thumb/v6-m/nofp\libgcc.a(_dvmd_tls.o)
 .ARM.attributes
                0x000005fe       0x2c C:/Users/ssacha/.pico-sdk/toolchain/13_2_Rel1/bin/../lib/gcc/arm-none-eabi/13.2.1/thumb/v6-m/nofp\libg.a(libc_a-strlen-stub.o)
 .ARM.attributes
                0x0000062a       0x2c C:/Users/ssacha/.pico-sdk/toolchain/13_2_Rel1/bin/../lib/gcc/arm-none-eabi/13.2.1/thumb/v6-m/nofp/crtend.o

.comment        0x00000000       0x44
 .comment       0x00000000       0x44 CMakeFiles/picoboard_button.dir/button.c.obj
                                 0x45 (size before relaxing)
 .comment       0x00000044       0x45 CMakeFiles/picoboard_button.dir/C_/Users/ssacha/.pico-sdk/sdk/1.5.1/src/rp2_common/hardware_gpio/gpio.c.obj
 .comment       0x00000044       0x45 CMakeFiles/picoboard_button.dir/C_/Users/ssacha/.pico-sdk/sdk/1.5.1/src/rp2_common/pico_platform/platform.c.obj
 .comment       0x00000044       0x45 CMakeFiles/picoboard_button.dir/C_/Users/ssacha/.pico-sdk/sdk/1.5.1/src/rp2_common/hardware_claim/claim.c.obj
 .comment       0x00000044       0x45 CMakeFiles/picoboard_button.dir/C_/Users/ssacha/.pico-sdk/sdk/1.5.1/src/rp2_common/hardware_sync/sync.c.obj
 .comment       0x00000044       0x45 CMakeFiles/picoboard_button.dir/C_/Users/ssacha/.pico-sdk/sdk/1.5.1/src/rp2_common/hardware_irq/irq.c.obj
 .comment       0x00000044       0x45 CMakeFiles/picoboard_button.dir/C_/Users/ssacha/.pico-sdk/sdk/1.5.1/src/common/pico_sync/lock_core.c.obj
 .comment       0x00000044       0x45 CMakeFiles/picoboard_button.dir/C_/Users/ssacha/.pico-sdk/sdk/1.5.1/src/common/pico_sync/mutex.c.obj
 .comment       0x00000044       0x45 CMakeFiles/picoboard_button.dir/C_/Users/ssacha/.pico-sdk/sdk/1.5.1/src/common/pico_time/time.c.obj
 .comment       0x00000044       0x45 CMakeFiles/picoboard_button.dir/C_/Users/ssacha/.pico-sdk/sdk/1.5.1/src/rp2_common/hardware_timer/timer.c.obj
 .comment       0x00000044       0x45 CMakeFiles/picoboard_button.dir/C_/Users/ssacha/.pico-sdk/sdk/1.5.1/src/common/pico_util/pheap.c.obj
 .comment       0x00000044       0x45 CMakeFiles/picoboard_button.dir/C_/Users/ssacha/.pico-sdk/sdk/1.5.1/src/rp2_common/hardware_uart/uart.c.obj
 .comment       0x00000044       0x45 CMakeFiles/picoboard_button.dir/C_/Users/ssacha/.pico-sdk/sdk/1.5.1/src/rp2_common/hardware_clocks/clocks.c.obj
 .comment       0x00000044       0x45 CMakeFiles/picoboard_button.dir/C_/Users/ssacha/.pico-sdk/sdk/1.5.1/src/rp2_common/hardware_pll/pll.c.obj
 .comment       0x00000044       0x45 CMakeFiles/picoboard_button.dir/C_/Users/ssacha/.pico-sdk/sdk/1.5.1/src/rp2_common/hardware_watchdog/watchdog.c.obj
 .comment       0x00000044       0x45 CMakeFiles/picoboard_button.dir/C_/Users/ssacha/.pico-sdk/sdk/1.5.1/src/rp2_common/hardware_xosc/xosc.c.obj
 .comment       0x00000044       0x45 CMakeFiles/picoboard_button.dir/C_/Users/ssacha/.pico-sdk/sdk/1.5.1/src/rp2_common/pico_runtime/runtime.c.obj
 .comment       0x00000044       0x45 CMakeFiles/picoboard_button.dir/C_/Users/ssacha/.pico-sdk/sdk/1.5.1/src/rp2_common/pico_printf/printf.c.obj
 .comment       0x00000044       0x45 CMakeFiles/picoboard_button.dir/C_/Users/ssacha/.pico-sdk/sdk/1.5.1/src/rp2_common/pico_bootrom/bootrom.c.obj
 .comment       0x00000044       0x45 CMakeFiles/picoboard_button.dir/C_/Users/ssacha/.pico-sdk/sdk/1.5.1/src/rp2_common/pico_double/double_init_rom.c.obj
 .comment       0x00000044       0x45 CMakeFiles/picoboard_button.dir/C_/Users/ssacha/.pico-sdk/sdk/1.5.1/src/rp2_common/pico_float/float_init_rom.c.obj
 .comment       0x00000044       0x45 CMakeFiles/picoboard_button.dir/C_/Users/ssacha/.pico-sdk/sdk/1.5.1/src/rp2_common/pico_standard_link/binary_info.c.obj
 .comment       0x00000044       0x45 CMakeFiles/picoboard_button.dir/C_/Users/ssacha/.pico-sdk/sdk/1.5.1/src/rp2_common/pico_stdio/stdio.c.obj
 .comment       0x00000044       0x45 CMakeFiles/picoboard_button.dir/C_/Users/ssacha/.pico-sdk/sdk/1.5.1/src/rp2_common/pico_stdio_uart/stdio_uart.c.obj

.debug_info     0x00000000    0x14fe0
 .debug_info    0x00000000      0xfd9 CMakeFiles/picoboard_button.dir/button.c.obj
 .debug_info    0x00000fd9     0x184b CMakeFiles/picoboard_button.dir/C_/Users/ssacha/.pico-sdk/sdk/1.5.1/src/rp2_common/hardware_gpio/gpio.c.obj
 .debug_info    0x00002824      0x1fb CMakeFiles/picoboard_button.dir/C_/Users/ssacha/.pico-sdk/sdk/1.5.1/src/rp2_common/pico_platform/platform.c.obj
 .debug_info    0x00002a1f      0x69a CMakeFiles/picoboard_button.dir/C_/Users/ssacha/.pico-sdk/sdk/1.5.1/src/rp2_common/hardware_claim/claim.c.obj
 .debug_info    0x000030b9      0x5fa CMakeFiles/picoboard_button.dir/C_/Users/ssacha/.pico-sdk/sdk/1.5.1/src/rp2_common/hardware_sync/sync.c.obj
 .debug_info    0x000036b3     0x1c43 CMakeFiles/picoboard_button.dir/C_/Users/ssacha/.pico-sdk/sdk/1.5.1/src/rp2_common/hardware_irq/irq.c.obj
 .debug_info    0x000052f6      0x1a3 CMakeFiles/picoboard_button.dir/C_/Users/ssacha/.pico-sdk/sdk/1.5.1/src/common/pico_sync/lock_core.c.obj
 .debug_info    0x00005499     0x1d29 CMakeFiles/picoboard_button.dir/C_/Users/ssacha/.pico-sdk/sdk/1.5.1/src/common/pico_sync/mutex.c.obj
 .debug_info    0x000071c2     0x33f9 CMakeFiles/picoboard_button.dir/C_/Users/ssacha/.pico-sdk/sdk/1.5.1/src/common/pico_time/time.c.obj
 .debug_info    0x0000a5bb     0x145b CMakeFiles/picoboard_button.dir/C_/Users/ssacha/.pico-sdk/sdk/1.5.1/src/rp2_common/hardware_timer/timer.c.obj
 .debug_info    0x0000ba16      0xe82 CMakeFiles/picoboard_button.dir/C_/Users/ssacha/.pico-sdk/sdk/1.5.1/src/common/pico_util/pheap.c.obj
 .debug_info    0x0000c898      0xd98 CMakeFiles/picoboard_button.dir/C_/Users/ssacha/.pico-sdk/sdk/1.5.1/src/rp2_common/hardware_uart/uart.c.obj
 .debug_info    0x0000d630      0xfe7 CMakeFiles/picoboard_button.dir/C_/Users/ssacha/.pico-sdk/sdk/1.5.1/src/rp2_common/hardware_clocks/clocks.c.obj
 .debug_info    0x0000e617      0x505 CMakeFiles/picoboard_button.dir/C_/Users/ssacha/.pico-sdk/sdk/1.5.1/src/rp2_common/hardware_pll/pll.c.obj
 .debug_info    0x0000eb1c      0x4d8 CMakeFiles/picoboard_button.dir/C_/Users/ssacha/.pico-sdk/sdk/1.5.1/src/rp2_common/hardware_watchdog/watchdog.c.obj
 .debug_info    0x0000eff4      0x1c7 CMakeFiles/picoboard_button.dir/C_/Users/ssacha/.pico-sdk/sdk/1.5.1/src/rp2_common/hardware_xosc/xosc.c.obj
 .debug_info    0x0000f1bb      0xf23 CMakeFiles/picoboard_button.dir/C_/Users/ssacha/.pico-sdk/sdk/1.5.1/src/rp2_common/pico_runtime/runtime.c.obj
 .debug_info    0x000100de     0x19db CMakeFiles/picoboard_button.dir/C_/Users/ssacha/.pico-sdk/sdk/1.5.1/src/rp2_common/pico_printf/printf.c.obj
 .debug_info    0x00011ab9       0x23 CMakeFiles/picoboard_button.dir/C_/Users/ssacha/.pico-sdk/sdk/1.5.1/src/rp2_common/pico_bit_ops/bit_ops_aeabi.S.obj
 .debug_info    0x00011adc      0x331 CMakeFiles/picoboard_button.dir/C_/Users/ssacha/.pico-sdk/sdk/1.5.1/src/rp2_common/pico_bootrom/bootrom.c.obj
 .debug_info    0x00011e0d       0x23 CMakeFiles/picoboard_button.dir/C_/Users/ssacha/.pico-sdk/sdk/1.5.1/src/rp2_common/pico_divider/divider.S.obj
 .debug_info    0x00011e30       0x23 CMakeFiles/picoboard_button.dir/C_/Users/ssacha/.pico-sdk/sdk/1.5.1/src/rp2_common/pico_double/double_aeabi.S.obj
 .debug_info    0x00011e53      0x33b CMakeFiles/picoboard_button.dir/C_/Users/ssacha/.pico-sdk/sdk/1.5.1/src/rp2_common/pico_double/double_init_rom.c.obj
 .debug_info    0x0001218e       0x23 CMakeFiles/picoboard_button.dir/C_/Users/ssacha/.pico-sdk/sdk/1.5.1/src/rp2_common/pico_double/double_v1_rom_shim.S.obj
 .debug_info    0x000121b1       0x24 CMakeFiles/picoboard_button.dir/C_/Users/ssacha/.pico-sdk/sdk/1.5.1/src/rp2_common/pico_int64_ops/pico_int64_ops_aeabi.S.obj
 .debug_info    0x000121d5       0x23 CMakeFiles/picoboard_button.dir/C_/Users/ssacha/.pico-sdk/sdk/1.5.1/src/rp2_common/pico_float/float_aeabi.S.obj
 .debug_info    0x000121f8      0x34f CMakeFiles/picoboard_button.dir/C_/Users/ssacha/.pico-sdk/sdk/1.5.1/src/rp2_common/pico_float/float_init_rom.c.obj
 .debug_info    0x00012547       0x23 CMakeFiles/picoboard_button.dir/C_/Users/ssacha/.pico-sdk/sdk/1.5.1/src/rp2_common/pico_float/float_v1_rom_shim.S.obj
 .debug_info    0x0001256a       0x23 CMakeFiles/picoboard_button.dir/C_/Users/ssacha/.pico-sdk/sdk/1.5.1/src/rp2_common/pico_mem_ops/mem_ops_aeabi.S.obj
 .debug_info    0x0001258d       0x23 CMakeFiles/picoboard_button.dir/C_/Users/ssacha/.pico-sdk/sdk/1.5.1/src/rp2_common/pico_standard_link/crt0.S.obj
 .debug_info    0x000125b0      0x2b8 CMakeFiles/picoboard_button.dir/C_/Users/ssacha/.pico-sdk/sdk/1.5.1/src/rp2_common/pico_standard_link/binary_info.c.obj
 .debug_info    0x00012868     0x1743 CMakeFiles/picoboard_button.dir/C_/Users/ssacha/.pico-sdk/sdk/1.5.1/src/rp2_common/pico_stdio/stdio.c.obj
 .debug_info    0x00013fab     0x1035 CMakeFiles/picoboard_button.dir/C_/Users/ssacha/.pico-sdk/sdk/1.5.1/src/rp2_common/pico_stdio_uart/stdio_uart.c.obj

.debug_abbrev   0x00000000     0x47b2
 .debug_abbrev  0x00000000      0x3b6 CMakeFiles/picoboard_button.dir/button.c.obj
 .debug_abbrev  0x000003b6      0x3a6 CMakeFiles/picoboard_button.dir/C_/Users/ssacha/.pico-sdk/sdk/1.5.1/src/rp2_common/hardware_gpio/gpio.c.obj
 .debug_abbrev  0x0000075c       0xf8 CMakeFiles/picoboard_button.dir/C_/Users/ssacha/.pico-sdk/sdk/1.5.1/src/rp2_common/pico_platform/platform.c.obj
 .debug_abbrev  0x00000854      0x2ce CMakeFiles/picoboard_button.dir/C_/Users/ssacha/.pico-sdk/sdk/1.5.1/src/rp2_common/hardware_claim/claim.c.obj
 .debug_abbrev  0x00000b22      0x249 CMakeFiles/picoboard_button.dir/C_/Users/ssacha/.pico-sdk/sdk/1.5.1/src/rp2_common/hardware_sync/sync.c.obj